Archive member included to satisfy reference by file (symbol)

C:/ST/STM32CubeIDE_1.14.1/STM32CubeIDE/plugins/com.st.stm32cube.ide.mcu.externaltools.gnu-tools-for-stm32.12.3.rel1.win32_1.0.200.202406191623/tools/bin/../lib/gcc/arm-none-eabi/12.3.1/../../../../arm-none-eabi/lib/thumb/v7e-m+fp/hard\libc_nano.a(libc_a-atoi.o)
                              ./ioLibrary_Driver-master/Internet/FTPServer/ftpd.o (atoi)
C:/ST/STM32CubeIDE_1.14.1/STM32CubeIDE/plugins/com.st.stm32cube.ide.mcu.externaltools.gnu-tools-for-stm32.12.3.rel1.win32_1.0.200.202406191623/tools/bin/../lib/gcc/arm-none-eabi/12.3.1/../../../../arm-none-eabi/lib/thumb/v7e-m+fp/hard\libc_nano.a(libc_a-exit.o)
                              C:/ST/STM32CubeIDE_1.14.1/STM32CubeIDE/plugins/com.st.stm32cube.ide.mcu.externaltools.gnu-tools-for-stm32.12.3.rel1.win32_1.0.200.202406191623/tools/bin/../lib/gcc/arm-none-eabi/12.3.1/../../../../arm-none-eabi/lib/thumb/v7e-m+fp/hard/crt0.o (exit)
C:/ST/STM32CubeIDE_1.14.1/STM32CubeIDE/plugins/com.st.stm32cube.ide.mcu.externaltools.gnu-tools-for-stm32.12.3.rel1.win32_1.0.200.202406191623/tools/bin/../lib/gcc/arm-none-eabi/12.3.1/../../../../arm-none-eabi/lib/thumb/v7e-m+fp/hard\libc_nano.a(libc_a-strtol.o)
                              C:/ST/STM32CubeIDE_1.14.1/STM32CubeIDE/plugins/com.st.stm32cube.ide.mcu.externaltools.gnu-tools-for-stm32.12.3.rel1.win32_1.0.200.202406191623/tools/bin/../lib/gcc/arm-none-eabi/12.3.1/../../../../arm-none-eabi/lib/thumb/v7e-m+fp/hard\libc_nano.a(libc_a-atoi.o) (_strtol_r)
C:/ST/STM32CubeIDE_1.14.1/STM32CubeIDE/plugins/com.st.stm32cube.ide.mcu.externaltools.gnu-tools-for-stm32.12.3.rel1.win32_1.0.200.202406191623/tools/bin/../lib/gcc/arm-none-eabi/12.3.1/../../../../arm-none-eabi/lib/thumb/v7e-m+fp/hard\libc_nano.a(libc_a-ctype_.o)
                              ./ioLibrary_Driver-master/Internet/FTPServer/ftpd.o (_ctype_)
C:/ST/STM32CubeIDE_1.14.1/STM32CubeIDE/plugins/com.st.stm32cube.ide.mcu.externaltools.gnu-tools-for-stm32.12.3.rel1.win32_1.0.200.202406191623/tools/bin/../lib/gcc/arm-none-eabi/12.3.1/../../../../arm-none-eabi/lib/thumb/v7e-m+fp/hard\libc_nano.a(libc_a-findfp.o)
                              C:/ST/STM32CubeIDE_1.14.1/STM32CubeIDE/plugins/com.st.stm32cube.ide.mcu.externaltools.gnu-tools-for-stm32.12.3.rel1.win32_1.0.200.202406191623/tools/bin/../lib/gcc/arm-none-eabi/12.3.1/../../../../arm-none-eabi/lib/thumb/v7e-m+fp/hard\libc_nano.a(libc_a-exit.o) (__stdio_exit_handler)
C:/ST/STM32CubeIDE_1.14.1/STM32CubeIDE/plugins/com.st.stm32cube.ide.mcu.externaltools.gnu-tools-for-stm32.12.3.rel1.win32_1.0.200.202406191623/tools/bin/../lib/gcc/arm-none-eabi/12.3.1/../../../../arm-none-eabi/lib/thumb/v7e-m+fp/hard\libc_nano.a(libc_a-fwalk.o)
                              C:/ST/STM32CubeIDE_1.14.1/STM32CubeIDE/plugins/com.st.stm32cube.ide.mcu.externaltools.gnu-tools-for-stm32.12.3.rel1.win32_1.0.200.202406191623/tools/bin/../lib/gcc/arm-none-eabi/12.3.1/../../../../arm-none-eabi/lib/thumb/v7e-m+fp/hard\libc_nano.a(libc_a-findfp.o) (_fwalk_sglue)
C:/ST/STM32CubeIDE_1.14.1/STM32CubeIDE/plugins/com.st.stm32cube.ide.mcu.externaltools.gnu-tools-for-stm32.12.3.rel1.win32_1.0.200.202406191623/tools/bin/../lib/gcc/arm-none-eabi/12.3.1/../../../../arm-none-eabi/lib/thumb/v7e-m+fp/hard\libc_nano.a(libc_a-printf.o)
                              ./ioLibrary_Driver-master/Internet/FTPServer/ftpd.o (printf)
C:/ST/STM32CubeIDE_1.14.1/STM32CubeIDE/plugins/com.st.stm32cube.ide.mcu.externaltools.gnu-tools-for-stm32.12.3.rel1.win32_1.0.200.202406191623/tools/bin/../lib/gcc/arm-none-eabi/12.3.1/../../../../arm-none-eabi/lib/thumb/v7e-m+fp/hard\libc_nano.a(libc_a-putchar.o)
                              ./ioLibrary_Driver-master/Internet/FTPServer/ftpd.o (putchar)
C:/ST/STM32CubeIDE_1.14.1/STM32CubeIDE/plugins/com.st.stm32cube.ide.mcu.externaltools.gnu-tools-for-stm32.12.3.rel1.win32_1.0.200.202406191623/tools/bin/../lib/gcc/arm-none-eabi/12.3.1/../../../../arm-none-eabi/lib/thumb/v7e-m+fp/hard\libc_nano.a(libc_a-puts.o)
                              ./Core/Src/main.o (puts)
C:/ST/STM32CubeIDE_1.14.1/STM32CubeIDE/plugins/com.st.stm32cube.ide.mcu.externaltools.gnu-tools-for-stm32.12.3.rel1.win32_1.0.200.202406191623/tools/bin/../lib/gcc/arm-none-eabi/12.3.1/../../../../arm-none-eabi/lib/thumb/v7e-m+fp/hard\libc_nano.a(libc_a-sprintf.o)
                              ./Core/Src/main.o (sprintf)
C:/ST/STM32CubeIDE_1.14.1/STM32CubeIDE/plugins/com.st.stm32cube.ide.mcu.externaltools.gnu-tools-for-stm32.12.3.rel1.win32_1.0.200.202406191623/tools/bin/../lib/gcc/arm-none-eabi/12.3.1/../../../../arm-none-eabi/lib/thumb/v7e-m+fp/hard\libc_nano.a(libc_a-stdio.o)
                              C:/ST/STM32CubeIDE_1.14.1/STM32CubeIDE/plugins/com.st.stm32cube.ide.mcu.externaltools.gnu-tools-for-stm32.12.3.rel1.win32_1.0.200.202406191623/tools/bin/../lib/gcc/arm-none-eabi/12.3.1/../../../../arm-none-eabi/lib/thumb/v7e-m+fp/hard\libc_nano.a(libc_a-findfp.o) (__sread)
[...]
Memory Configuration

Name             Origin             Length             Attributes
RAM              0x20000000         0x00020000         xrw
FLASH            0x08000000         0x00080000         xr
*default*        0x00000000         0xffffffff

Linker script and memory map

LOAD C:/ST/STM32CubeIDE_1.14.1/STM32CubeIDE/plugins/com.st.stm32cube.ide.mcu.externaltools.gnu-tools-for-stm32.12.3.rel1.win32_1.0.200.202406191623/tools/bin/../lib/gcc/arm-none-eabi/12.3.1/thumb/v7e-m+fp/hard/crti.o
LOAD C:/ST/STM32CubeIDE_1.14.1/STM32CubeIDE/plugins/com.st.stm32cube.ide.mcu.externaltools.gnu-tools-for-stm32.12.3.rel1.win32_1.0.200.202406191623/tools/bin/../lib/gcc/arm-none-eabi/12.3.1/thumb/v7e-m+fp/hard/crtbegin.o
LOAD C:/ST/STM32CubeIDE_1.14.1/STM32CubeIDE/plugins/com.st.stm32cube.ide.mcu.externaltools.gnu-tools-for-stm32.12.3.rel1.win32_1.0.200.202406191623/tools/bin/../lib/gcc/arm-none-eabi/12.3.1/../../../../arm-none-eabi/lib/thumb/v7e-m+fp/hard/crt0.o
LOAD ./Core/Src/main.o
LOAD ./Core/Src/stm32g4xx_hal_msp.o
LOAD ./Core/Src/stm32g4xx_it.o
LOAD ./Core/Src/syscalls.o
LOAD ./Core/Src/sysmem.o
LOAD ./Core/Src/system_stm32g4xx.o
LOAD ./Core/Startup/startup_stm32g474retx.o
LOAD ./Drivers/BSP/STM32G4xx_Nucleo/stm32g4xx_nucleo.o
LOAD ./Drivers/STM32G4xx_HAL_Driver/Src/stm32g4xx_hal.o
LOAD ./Drivers/STM32G4xx_HAL_Driver/Src/stm32g4xx_hal_cortex.o
LOAD ./Drivers/STM32G4xx_HAL_Driver/Src/stm32g4xx_hal_dma.o
LOAD ./Drivers/STM32G4xx_HAL_Driver/Src/stm32g4xx_hal_dma_ex.o
LOAD ./Drivers/STM32G4xx_HAL_Driver/Src/stm32g4xx_hal_exti.o
LOAD ./Drivers/STM32G4xx_HAL_Driver/Src/stm32g4xx_hal_flash.o
LOAD ./Drivers/STM32G4xx_HAL_Driver/Src/stm32g4xx_hal_flash_ex.o
LOAD ./Drivers/STM32G4xx_HAL_Driver/Src/stm32g4xx_hal_flash_ramfunc.o
LOAD ./Drivers/STM32G4xx_HAL_Driver/Src/stm32g4xx_hal_gpio.o
LOAD ./Drivers/STM32G4xx_HAL_Driver/Src/stm32g4xx_hal_pwr.o
LOAD ./Drivers/STM32G4xx_HAL_Driver/Src/stm32g4xx_hal_pwr_ex.o
LOAD ./Drivers/STM32G4xx_HAL_Driver/Src/stm32g4xx_hal_rcc.o
LOAD ./Drivers/STM32G4xx_HAL_Driver/Src/stm32g4xx_hal_rcc_ex.o
LOAD ./Drivers/STM32G4xx_HAL_Driver/Src/stm32g4xx_hal_spi.o
LOAD ./Drivers/STM32G4xx_HAL_Driver/Src/stm32g4xx_hal_spi_ex.o
LOAD ./Drivers/STM32G4xx_HAL_Driver/Src/stm32g4xx_hal_tim.o
LOAD ./Drivers/STM32G4xx_HAL_Driver/Src/stm32g4xx_hal_tim_ex.o
LOAD ./Drivers/STM32G4xx_HAL_Driver/Src/stm32g4xx_hal_uart.o
LOAD ./Drivers/STM32G4xx_HAL_Driver/Src/stm32g4xx_hal_uart_ex.o
LOAD ./Drivers/STM32G4xx_HAL_Driver/Src/stm32g4xx_hal_usart.o
LOAD ./Drivers/STM32G4xx_HAL_Driver/Src/stm32g4xx_hal_usart_ex.o
LOAD ./FATFS/App/app_fatfs.o
LOAD ./FATFS/Target/fatfs_sd.o
LOAD ./FATFS/Target/user_diskio.o
LOAD ./Middlewares/Third_Party/FatFs/src/diskio.o
LOAD ./Middlewares/Third_Party/FatFs/src/ff.o
LOAD ./Middlewares/Third_Party/FatFs/src/ff_gen_drv.o
LOAD ./Middlewares/Third_Party/FatFs/src/option/ccsbcs.o
LOAD ./Middlewares/Third_Party/FatFs/src/option/syscall.o
LOAD ./ioLibrary_Driver-master/Ethernet/W5100/w5100.o
LOAD ./ioLibrary_Driver-master/Ethernet/W5100S/w5100s.o
LOAD ./ioLibrary_Driver-master/Ethernet/W5200/w5200.o
LOAD ./ioLibrary_Driver-master/Ethernet/W5300/w5300.o
LOAD ./ioLibrary_Driver-master/Ethernet/W5500/w5500.o
LOAD ./ioLibrary_Driver-master/Ethernet/socket.o
LOAD ./ioLibrary_Driver-master/Ethernet/wizchip_conf.o
LOAD ./ioLibrary_Driver-master/Internet/FTPServer/ftpd.o
START GROUP
LOAD C:/ST/STM32CubeIDE_1.14.1/STM32CubeIDE/plugins/com.st.stm32cube.ide.mcu.externaltools.gnu-tools-for-stm32.12.3.rel1.win32_1.0.200.202406191623/tools/bin/../lib/gcc/arm-none-eabi/12.3.1/../../../../arm-none-eabi/lib/thumb/v7e-m+fp/hard\libc_nano.a
LOAD C:/ST/STM32CubeIDE_1.14.1/STM32CubeIDE/plugins/com.st.stm32cube.ide.mcu.externaltools.gnu-tools-for-stm32.12.3.rel1.win32_1.0.200.202406191623/tools/bin/../lib/gcc/arm-none-eabi/12.3.1/../../../../arm-none-eabi/lib/thumb/v7e-m+fp/hard\libm.a
END GROUP
START GROUP
LOAD C:/ST/STM32CubeIDE_1.14.1/STM32CubeIDE/plugins/com.st.stm32cube.ide.mcu.externaltools.gnu-tools-for-stm32.12.3.rel1.win32_1.0.200.202406191623/tools/bin/../lib/gcc/arm-none-eabi/12.3.1/thumb/v7e-m+fp/hard\libgcc.a
LOAD C:/ST/STM32CubeIDE_1.14.1/STM32CubeIDE/plugins/com.st.stm32cube.ide.mcu.externaltools.gnu-tools-for-stm32.12.3.rel1.win32_1.0.200.202406191623/tools/bin/../lib/gcc/arm-none-eabi/12.3.1/../../../../arm-none-eabi/lib/thumb/v7e-m+fp/hard\libc_nano.a
END GROUP
START GROUP
LOAD C:/ST/STM32CubeIDE_1.14.1/STM32CubeIDE/plugins/com.st.stm32cube.ide.mcu.externaltools.gnu-tools-for-stm32.12.3.rel1.win32_1.0.200.202406191623/tools/bin/../lib/gcc/arm-none-eabi/12.3.1/thumb/v7e-m+fp/hard\libgcc.a
LOAD C:/ST/STM32CubeIDE_1.14.1/STM32CubeIDE/plugins/com.st.stm32cube.ide.mcu.externaltools.gnu-tools-for-stm32.12.3.rel1.win32_1.0.200.202406191623/tools/bin/../lib/gcc/arm-none-eabi/12.3.1/../../../../arm-none-eabi/lib/thumb/v7e-m+fp/hard\libc_nano.a
LOAD C:/ST/STM32CubeIDE_1.14.1/STM32CubeIDE/plugins/com.st.stm32cube.ide.mcu.externaltools.gnu-tools-for-stm32.12.3.rel1.win32_1.0.200.202406191623/tools/bin/../lib/gcc/arm-none-eabi/12.3.1/../../../../arm-none-eabi/lib/thumb/v7e-m+fp/hard\libnosys.a
END GROUP
START GROUP
LOAD C:/ST/STM32CubeIDE_1.14.1/STM32CubeIDE/plugins/com.st.stm32cube.ide.mcu.externaltools.gnu-tools-for-stm32.12.3.rel1.win32_1.0.200.202406191623/tools/bin/../lib/gcc/arm-none-eabi/12.3.1/thumb/v7e-m+fp/hard\libgcc.a
LOAD C:/ST/STM32CubeIDE_1.14.1/STM32CubeIDE/plugins/com.st.stm32cube.ide.mcu.externaltools.gnu-tools-for-stm32.12.3.rel1.win32_1.0.200.202406191623/tools/bin/../lib/gcc/arm-none-eabi/12.3.1/../../../../arm-none-eabi/lib/thumb/v7e-m+fp/hard\libc_nano.a
LOAD C:/ST/STM32CubeIDE_1.14.1/STM32CubeIDE/plugins/com.st.stm32cube.ide.mcu.externaltools.gnu-tools-for-stm32.12.3.rel1.win32_1.0.200.202406191623/tools/bin/../lib/gcc/arm-none-eabi/12.3.1/../../../../arm-none-eabi/lib/thumb/v7e-m+fp/hard\libnosys.a
END GROUP
LOAD C:/ST/STM32CubeIDE_1.14.1/STM32CubeIDE/plugins/com.st.stm32cube.ide.mcu.externaltools.gnu-tools-for-stm32.12.3.rel1.win32_1.0.200.202406191623/tools/bin/../lib/gcc/arm-none-eabi/12.3.1/thumb/v7e-m+fp/hard/crtend.o
LOAD C:/ST/STM32CubeIDE_1.14.1/STM32CubeIDE/plugins/com.st.stm32cube.ide.mcu.externaltools.gnu-tools-for-stm32.12.3.rel1.win32_1.0.200.202406191623/tools/bin/../lib/gcc/arm-none-eabi/12.3.1/thumb/v7e-m+fp/hard/crtn.o
                0x20020000                        _estack = (ORIGIN (RAM) + LENGTH (RAM))
                0x00000200                        _Min_Heap_Size = 0x200
                0x00000400                        _Min_Stack_Size = 0x400

.isr_vector     0x08000000      0x1d8
                0x08000000                        . = ALIGN (0x4)
 *(.isr_vector)
 .isr_vector    0x08000000      0x1d8 ./Core/Startup/startup_stm32g474retx.o
                0x08000000                g_pfnVectors
                0x080001d8                        . = ALIGN (0x4)

.text           0x080001e0     0xc9ac
                0x080001e0                        . = ALIGN (0x4)
 *(.text)
 .text          0x080001e0       0x40 C:/ST/STM32CubeIDE_1.14.1/STM32CubeIDE/plugins/com.st.stm32cube.ide.mcu.externaltools.gnu-tools-for-stm32.12.3.rel1.win32_1.0.200.202406191623/tools/bin/../lib/gcc/arm-none-eabi/12.3.1/thumb/v7e-m+fp/hard/crtbegin.o
 .text          0x08000220       0x14 C:/ST/STM32CubeIDE_1.14.1/STM32CubeIDE/plugins/com.st.stm32cube.ide.mcu.externaltools.gnu-tools-for-stm32.12.3.rel1.win32_1.0.200.202406191623/tools/bin/../lib/gcc/arm-none-eabi/12.3.1/../../../../arm-none-eabi/lib/thumb/v7e-m+fp/hard\libc_nano.a(libc_a-strcmp.o)
                0x08000220                strcmp
 .text          0x08000234       0x10 C:/ST/STM32CubeIDE_1.14.1/STM32CubeIDE/plugins/com.st.stm32cube.ide.mcu.externaltools.gnu-tools-for-stm32.12.3.rel1.win32_1.0.200.202406191623/tools/bin/../lib/gcc/arm-none-eabi/12.3.1/../../../../arm-none-eabi/lib/thumb/v7e-m+fp/hard\libc_nano.a(libc_a-strlen.o)
                0x08000234                strlen
 *fill*         0x08000244        0xc 
 .text          0x08000250       0xa0 C:/ST/STM32CubeIDE_1.14.1/STM32CubeIDE/plugins/com.st.stm32cube.ide.mcu.externaltools.gnu-tools-for-stm32.12.3.rel1.win32_1.0.200.202406191623/tools/bin/../lib/gcc/arm-none-eabi/12.3.1/../../../../arm-none-eabi/lib/thumb/v7e-m+fp/hard\libc_nano.a(libc_a-memchr.o)
                0x08000250                memchr
 .text          0x080002f0       0x30 C:/ST/STM32CubeIDE_1.14.1/STM32CubeIDE/plugins/com.st.stm32cube.ide.mcu.externaltools.gnu-tools-for-stm32.12.3.rel1.win32_1.0.200.202406191623/tools/bin/../lib/gcc/arm-none-eabi/12.3.1/thumb/v7e-m+fp/hard\libgcc.a(_aeabi_uldivmod.o)
                0x080002f0                __aeabi_uldivmod
 .text          0x08000320      0x2bc C:/ST/STM32CubeIDE_1.14.1/STM32CubeIDE/plugins/com.st.stm32cube.ide.mcu.externaltools.gnu-tools-for-stm32.12.3.rel1.win32_1.0.200.202406191623/tools/bin/../lib/gcc/arm-none-eabi/12.3.1/thumb/v7e-m+fp/hard\libgcc.a(_udivmoddi4.o)
                0x08000320                __udivmoddi4
 .text          0x080005dc        0x4 C:/ST/STM32CubeIDE_1.14.1/STM32CubeIDE/plugins/com.st.stm32cube.ide.mcu.externaltools.gnu-tools-for-stm32.12.3.rel1.win32_1.0.200.202406191623/tools/bin/../lib/gcc/arm-none-eabi/12.3.1/thumb/v7e-m+fp/hard\libgcc.a(_dvmd_tls.o)
                0x080005dc                __aeabi_idiv0
                0x080005dc                __aeabi_ldiv0
 *(.text*)
 .text.main     0x080005e0      0x12c ./Core/Src/main.o
                0x080005e0                main
 .text.SystemClock_Config
                0x0800070c       0x96 ./Core/Src/main.o
                0x0800070c                SystemClock_Config
 *fill*         0x080007a2        0x2 
 .text.MX_SPI2_Init
                0x080007a4       0x7c ./Core/Src/main.o
 .text.MX_SPI3_Init
                0x08000820       0x7c ./Core/Src/main.o
 .text.MX_GPIO_Init
                0x0800089c       0xf0 ./Core/Src/main.o
 .text.CS_SEL_FUN
                0x0800098c       0x18 ./Core/Src/main.o
                0x0800098c                CS_SEL_FUN
 .text.CS_DES_FUN
                0x080009a4       0x18 ./Core/Src/main.o
                0x080009a4                CS_DES_FUN
 .text.SPI_Received
                0x080009bc       0x20 ./Core/Src/main.o
                0x080009bc                SPI_Received
 .text.SPI_Transmit
                0x080009dc       0x24 ./Core/Src/main.o
                0x080009dc                SPI_Transmit
 .text.configuracion_IP
                0x08000a00       0xec ./Core/Src/main.o
                0x08000a00                configuracion_IP
 .text.Error_Handler
                0x08000aec       0x40 ./Core/Src/main.o
                0x08000aec                Error_Handler
 .text.HAL_MspInit
                0x08000b2c       0x48 ./Core/Src/stm32g4xx_hal_msp.o
                0x08000b2c                HAL_MspInit
 .text.HAL_SPI_MspInit
                0x08000b74       0xf0 ./Core/Src/stm32g4xx_hal_msp.o
                0x08000b74                HAL_SPI_MspInit
 .text.NMI_Handler
                0x08000c64        0x8 ./Core/Src/stm32g4xx_it.o
                0x08000c64                NMI_Handler
 .text.HardFault_Handler
                0x08000c6c        0x8 ./Core/Src/stm32g4xx_it.o
                0x08000c6c                HardFault_Handler
 .text.MemManage_Handler
                0x08000c74        0x8 ./Core/Src/stm32g4xx_it.o
                0x08000c74                MemManage_Handler
 .text.BusFault_Handler
                0x08000c7c        0x8 ./Core/Src/stm32g4xx_it.o
                0x08000c7c                BusFault_Handler
 .text.UsageFault_Handler
                0x08000c84        0x8 ./Core/Src/stm32g4xx_it.o
                0x08000c84                UsageFault_Handler
 .text.SVC_Handler
                0x08000c8c        0xe ./Core/Src/stm32g4xx_it.o
                0x08000c8c                SVC_Handler
 .text.DebugMon_Handler
                0x08000c9a        0xe ./Core/Src/stm32g4xx_it.o
                0x08000c9a                DebugMon_Handler
 .text.PendSV_Handler
                0x08000ca8        0xe ./Core/Src/stm32g4xx_it.o
                0x08000ca8                PendSV_Handler
 *fill*         0x08000cb6        0x2 
 .text.SysTick_Handler
                0x08000cb8       0x3c ./Core/Src/stm32g4xx_it.o
                0x08000cb8                SysTick_Handler
 .text.EXTI15_10_IRQHandler
                0x08000cf4        0xe ./Core/Src/stm32g4xx_it.o
                0x08000cf4                EXTI15_10_IRQHandler
 .text._getpid  0x08000d02       0x10 ./Core/Src/syscalls.o
                0x08000d02                _getpid
 .text._kill    0x08000d12       0x20 ./Core/Src/syscalls.o
                0x08000d12                _kill
 .text._exit    0x08000d32       0x16 ./Core/Src/syscalls.o
                0x08000d32                _exit
 .text._read    0x08000d48       0x3a ./Core/Src/syscalls.o
                0x08000d48                _read
 .text._write   0x08000d82       0x38 ./Core/Src/syscalls.o
                0x08000d82                _write
 .text._close   0x08000dba       0x18 ./Core/Src/syscalls.o
                0x08000dba                _close
 .text._fstat   0x08000dd2       0x20 ./Core/Src/syscalls.o
                0x08000dd2                _fstat
 .text._isatty  0x08000df2       0x16 ./Core/Src/syscalls.o
                0x08000df2                _isatty
 .text._lseek   0x08000e08       0x1a ./Core/Src/syscalls.o
                0x08000e08                _lseek
 *fill*         0x08000e22        0x2 
 .text._sbrk    0x08000e24       0x6c ./Core/Src/sysmem.o
                0x08000e24                _sbrk
 .text.SystemInit
                0x08000e90       0x24 ./Core/Src/system_stm32g4xx.o
                0x08000e90                SystemInit
 .text.Reset_Handler
                0x08000eb4       0x50 ./Core/Startup/startup_stm32g474retx.o
                0x08000eb4                Reset_Handler
 .text.Default_Handler
                0x08000f04        0x2 ./Core/Startup/startup_stm32g474retx.o
                0x08000f04                RTC_Alarm_IRQHandler
                0x08000f04                EXTI2_IRQHandler
                0x08000f04                TIM8_TRG_COM_IRQHandler
                0x08000f04                TIM8_CC_IRQHandler
                0x08000f04                HRTIM1_Master_IRQHandler
                0x08000f04                SPI4_IRQHandler
                0x08000f04                FDCAN3_IT0_IRQHandler
                0x08000f04                TIM1_CC_IRQHandler
                0x08000f04                HRTIM1_FLT_IRQHandler
                0x08000f04                HRTIM1_TIMF_IRQHandler
                0x08000f04                USB_HP_IRQHandler
                0x08000f04                CORDIC_IRQHandler
                0x08000f04                HRTIM1_TIMD_IRQHandler
                0x08000f04                DMA2_Channel8_IRQHandler
                0x08000f04                EXTI3_IRQHandler
                0x08000f04                I2C3_ER_IRQHandler
                0x08000f04                EXTI0_IRQHandler
                0x08000f04                I2C2_EV_IRQHandler
                0x08000f04                FPU_IRQHandler
                0x08000f04                FDCAN1_IT1_IRQHandler
                0x08000f04                TIM1_UP_TIM16_IRQHandler
                0x08000f04                ADC1_2_IRQHandler
                0x08000f04                HRTIM1_TIME_IRQHandler
                0x08000f04                SPI1_IRQHandler
                0x08000f04                TIM6_DAC_IRQHandler
                0x08000f04                HRTIM1_TIMC_IRQHandler
                0x08000f04                TIM8_UP_IRQHandler
                0x08000f04                DMA2_Channel2_IRQHandler
                0x08000f04                DMA1_Channel4_IRQHandler
                0x08000f04                TIM20_TRG_COM_IRQHandler
                0x08000f04                USART3_IRQHandler
                0x08000f04                DMA1_Channel7_IRQHandler
                0x08000f04                UART5_IRQHandler
                0x08000f04                ADC3_IRQHandler
                0x08000f04                TIM4_IRQHandler
                0x08000f04                DMA2_Channel1_IRQHandler
                0x08000f04                QUADSPI_IRQHandler
                0x08000f04                I2C1_EV_IRQHandler
                0x08000f04                DMA1_Channel6_IRQHandler
                0x08000f04                UART4_IRQHandler
                0x08000f04                DMA2_Channel4_IRQHandler
                0x08000f04                TIM3_IRQHandler
                0x08000f04                RCC_IRQHandler
                0x08000f04                TIM20_UP_IRQHandler
                0x08000f04                DMA1_Channel1_IRQHandler
                0x08000f04                Default_Handler
                0x08000f04                DMA2_Channel7_IRQHandler
                0x08000f04                RTC_TAMP_LSECSS_IRQHandler
                0x08000f04                FMAC_IRQHandler
                0x08000f04                DMA1_Channel8_IRQHandler
                0x08000f04                HRTIM1_TIMA_IRQHandler
                0x08000f04                TIM7_DAC_IRQHandler
                0x08000f04                FDCAN3_IT1_IRQHandler
                0x08000f04                TIM5_IRQHandler
                0x08000f04                UCPD1_IRQHandler
                0x08000f04                I2C3_EV_IRQHandler
                0x08000f04                EXTI9_5_IRQHandler
                0x08000f04                RTC_WKUP_IRQHandler
                0x08000f04                PVD_PVM_IRQHandler
                0x08000f04                SPI2_IRQHandler
                0x08000f04                ADC5_IRQHandler
                0x08000f04                DMA2_Channel5_IRQHandler
                0x08000f04                CRS_IRQHandler
                0x08000f04                DMA1_Channel5_IRQHandler
                0x08000f04                USB_LP_IRQHandler
                0x08000f04                EXTI4_IRQHandler
                0x08000f04                RNG_IRQHandler
                0x08000f04                HRTIM1_TIMB_IRQHandler
                0x08000f04                TIM1_TRG_COM_TIM17_IRQHandler
                0x08000f04                FDCAN2_IT1_IRQHandler
                0x08000f04                DMA1_Channel3_IRQHandler
                0x08000f04                ADC4_IRQHandler
                0x08000f04                WWDG_IRQHandler
                0x08000f04                I2C4_EV_IRQHandler
                0x08000f04                FDCAN2_IT0_IRQHandler
                0x08000f04                LPUART1_IRQHandler
                0x08000f04                DMA2_Channel6_IRQHandler
                0x08000f04                FDCAN1_IT0_IRQHandler
                0x08000f04                TIM2_IRQHandler
                0x08000f04                COMP7_IRQHandler
                0x08000f04                COMP1_2_3_IRQHandler
                0x08000f04                EXTI1_IRQHandler
                0x08000f04                USART2_IRQHandler
                0x08000f04                COMP4_5_6_IRQHandler
                0x08000f04                TIM20_BRK_IRQHandler
                0x08000f04                I2C2_ER_IRQHandler
                0x08000f04                DMA1_Channel2_IRQHandler
                0x08000f04                TIM8_BRK_IRQHandler
                0x08000f04                FLASH_IRQHandler
                0x08000f04                TIM20_CC_IRQHandler
                0x08000f04                USART1_IRQHandler
                0x08000f04                SPI3_IRQHandler
                0x08000f04                I2C1_ER_IRQHandler
                0x08000f04                FMC_IRQHandler
                0x08000f04                LPTIM1_IRQHandler
                0x08000f04                DMAMUX_OVR_IRQHandler
                0x08000f04                I2C4_ER_IRQHandler
                0x08000f04                USBWakeUp_IRQHandler
                0x08000f04                SAI1_IRQHandler
                0x08000f04                DMA2_Channel3_IRQHandler
                0x08000f04                TIM1_BRK_TIM15_IRQHandler
 *fill*         0x08000f06        0x2 
 .text.BSP_LED_Init
                0x08000f08       0x6c ./Drivers/BSP/STM32G4xx_Nucleo/stm32g4xx_nucleo.o
                0x08000f08                BSP_LED_Init
 .text.BSP_PB_Init
                0x08000f74       0xdc ./Drivers/BSP/STM32G4xx_Nucleo/stm32g4xx_nucleo.o
                0x08000f74                BSP_PB_Init
 .text.BSP_PB_IRQHandler
                0x08001050       0x24 ./Drivers/BSP/STM32G4xx_Nucleo/stm32g4xx_nucleo.o
                0x08001050                BSP_PB_IRQHandler
 .text.BSP_PB_Callback
                0x08001074       0x16 ./Drivers/BSP/STM32G4xx_Nucleo/stm32g4xx_nucleo.o
                0x08001074                BSP_PB_Callback
 *fill*         0x0800108a        0x2 
 .text.BSP_COM_Init
                0x0800108c       0x60 ./Drivers/BSP/STM32G4xx_Nucleo/stm32g4xx_nucleo.o
                0x0800108c                BSP_COM_Init
 .text.MX_LPUART1_Init
                0x080010ec       0x64 ./Drivers/BSP/STM32G4xx_Nucleo/stm32g4xx_nucleo.o
                0x080010ec                MX_LPUART1_Init
 .text.__io_putchar
                0x08001150       0x38 ./Drivers/BSP/STM32G4xx_Nucleo/stm32g4xx_nucleo.o
                0x08001150                __io_putchar
 .text.BUTTON_USER_EXTI_Callback
                0x08001188        0xe ./Drivers/BSP/STM32G4xx_Nucleo/stm32g4xx_nucleo.o
 *fill*         0x08001196        0x2 
 .text.COM1_MspInit
                0x08001198       0x98 ./Drivers/BSP/STM32G4xx_Nucleo/stm32g4xx_nucleo.o
 .text.HAL_Init
                0x08001230       0x30 ./Drivers/STM32G4xx_HAL_Driver/Src/stm32g4xx_hal.o
                0x08001230                HAL_Init
 .text.HAL_InitTick
                0x08001260       0x74 ./Drivers/STM32G4xx_HAL_Driver/Src/stm32g4xx_hal.o
                0x08001260                HAL_InitTick
 .text.HAL_IncTick
                0x080012d4       0x24 ./Drivers/STM32G4xx_HAL_Driver/Src/stm32g4xx_hal.o
                0x080012d4                HAL_IncTick
 .text.HAL_GetTick
                0x080012f8       0x18 ./Drivers/STM32G4xx_HAL_Driver/Src/stm32g4xx_hal.o
                0x080012f8                HAL_GetTick
 .text.HAL_Delay
                0x08001310       0x44 ./Drivers/STM32G4xx_HAL_Driver/Src/stm32g4xx_hal.o
                0x08001310                HAL_Delay
 .text.__NVIC_SetPriorityGrouping
                0x08001354       0x48 ./Drivers/STM32G4xx_HAL_Driver/Src/stm32g4xx_hal_cortex.o
 .text.__NVIC_GetPriorityGrouping
                0x0800139c       0x1c ./Drivers/STM32G4xx_HAL_Driver/Src/stm32g4xx_hal_cortex.o
 .text.__NVIC_EnableIRQ
                0x080013b8       0x3c ./Drivers/STM32G4xx_HAL_Driver/Src/stm32g4xx_hal_cortex.o
 .text.__NVIC_SetPriority
                0x080013f4       0x54 ./Drivers/STM32G4xx_HAL_Driver/Src/stm32g4xx_hal_cortex.o
 .text.NVIC_EncodePriority
                0x08001448       0x66 ./Drivers/STM32G4xx_HAL_Driver/Src/stm32g4xx_hal_cortex.o
 *fill*         0x080014ae        0x2 
 .text.SysTick_Config
                0x080014b0       0x44 ./Drivers/STM32G4xx_HAL_Driver/Src/stm32g4xx_hal_cortex.o
 .text.HAL_NVIC_SetPriorityGrouping
                0x080014f4       0x16 ./Drivers/STM32G4xx_HAL_Driver/Src/stm32g4xx_hal_cortex.o
                0x080014f4                HAL_NVIC_SetPriorityGrouping
 .text.HAL_NVIC_SetPriority
                0x0800150a       0x34 ./Drivers/STM32G4xx_HAL_Driver/Src/stm32g4xx_hal_cortex.o
                0x0800150a                HAL_NVIC_SetPriority
 .text.HAL_NVIC_EnableIRQ
                0x0800153e       0x1c ./Drivers/STM32G4xx_HAL_Driver/Src/stm32g4xx_hal_cortex.o
                0x0800153e                HAL_NVIC_EnableIRQ
 .text.HAL_SYSTICK_Config
                0x0800155a       0x18 ./Drivers/STM32G4xx_HAL_Driver/Src/stm32g4xx_hal_cortex.o
                0x0800155a                HAL_SYSTICK_Config
 .text.HAL_EXTI_RegisterCallback
                0x08001572       0x3a ./Drivers/STM32G4xx_HAL_Driver/Src/stm32g4xx_hal_exti.o
                0x08001572                HAL_EXTI_RegisterCallback
 .text.HAL_EXTI_GetHandle
                0x080015ac       0x28 ./Drivers/STM32G4xx_HAL_Driver/Src/stm32g4xx_hal_exti.o
                0x080015ac                HAL_EXTI_GetHandle
 .text.HAL_EXTI_IRQHandler
                0x080015d4       0x60 ./Drivers/STM32G4xx_HAL_Driver/Src/stm32g4xx_hal_exti.o
                0x080015d4                HAL_EXTI_IRQHandler
 .text.HAL_GPIO_Init
                0x08001634      0x304 ./Drivers/STM32G4xx_HAL_Driver/Src/stm32g4xx_hal_gpio.o
                0x08001634                HAL_GPIO_Init
 .text.HAL_GPIO_WritePin
                0x08001938       0x30 ./Drivers/STM32G4xx_HAL_Driver/Src/stm32g4xx_hal_gpio.o
                0x08001938                HAL_GPIO_WritePin
 .text.HAL_PWREx_ControlVoltageScaling
                0x08001968      0x148 ./Drivers/STM32G4xx_HAL_Driver/Src/stm32g4xx_hal_pwr_ex.o
                0x08001968                HAL_PWREx_ControlVoltageScaling
 .text.HAL_PWREx_DisableUCPDDeadBattery
                0x08001ab0       0x20 ./Drivers/STM32G4xx_HAL_Driver/Src/stm32g4xx_hal_pwr_ex.o
                0x08001ab0                HAL_PWREx_DisableUCPDDeadBattery
 .text.HAL_RCC_OscConfig
                0x08001ad0      0x624 ./Drivers/STM32G4xx_HAL_Driver/Src/stm32g4xx_hal_rcc.o
                0x08001ad0                HAL_RCC_OscConfig
 .text.HAL_RCC_ClockConfig
                0x080020f4      0x278 ./Drivers/STM32G4xx_HAL_Driver/Src/stm32g4xx_hal_rcc.o
                0x080020f4                HAL_RCC_ClockConfig
 .text.HAL_RCC_GetSysClockFreq
                0x0800236c       0xc4 ./Drivers/STM32G4xx_HAL_Driver/Src/stm32g4xx_hal_rcc.o
                0x0800236c                HAL_RCC_GetSysClockFreq
 .text.HAL_RCC_GetHCLKFreq
                0x08002430       0x18 ./Drivers/STM32G4xx_HAL_Driver/Src/stm32g4xx_hal_rcc.o
                0x08002430                HAL_RCC_GetHCLKFreq
 .text.HAL_RCC_GetPCLK1Freq
                0x08002448       0x2c ./Drivers/STM32G4xx_HAL_Driver/Src/stm32g4xx_hal_rcc.o
                0x08002448                HAL_RCC_GetPCLK1Freq
 .text.HAL_RCC_GetPCLK2Freq
                0x08002474       0x2c ./Drivers/STM32G4xx_HAL_Driver/Src/stm32g4xx_hal_rcc.o
                0x08002474                HAL_RCC_GetPCLK2Freq
 .text.RCC_GetSysClockFreqFromPLLSource
                0x080024a0       0x8c ./Drivers/STM32G4xx_HAL_Driver/Src/stm32g4xx_hal_rcc.o
 .text.HAL_SPI_Init
                0x0800252c      0x156 ./Drivers/STM32G4xx_HAL_Driver/Src/stm32g4xx_hal_spi.o
                0x0800252c                HAL_SPI_Init
 .text.HAL_SPI_Transmit
                0x08002682      0x2ec ./Drivers/STM32G4xx_HAL_Driver/Src/stm32g4xx_hal_spi.o
                0x08002682                HAL_SPI_Transmit
 .text.HAL_SPI_Receive
                0x0800296e      0x270 ./Drivers/STM32G4xx_HAL_Driver/Src/stm32g4xx_hal_spi.o
                0x0800296e                HAL_SPI_Receive
 .text.HAL_SPI_TransmitReceive
                0x08002bde      0x43e ./Drivers/STM32G4xx_HAL_Driver/Src/stm32g4xx_hal_spi.o
                0x08002bde                HAL_SPI_TransmitReceive
 .text.SPI_WaitFlagStateUntilTimeout
                0x0800301c      0x110 ./Drivers/STM32G4xx_HAL_Driver/Src/stm32g4xx_hal_spi.o
 .text.SPI_WaitFifoStateUntilTimeout
                0x0800312c      0x12c ./Drivers/STM32G4xx_HAL_Driver/Src/stm32g4xx_hal_spi.o
 .text.SPI_EndRxTransaction
                0x08003258       0xb0 ./Drivers/STM32G4xx_HAL_Driver/Src/stm32g4xx_hal_spi.o
 .text.SPI_EndRxTxTransaction
                0x08003308       0x8c ./Drivers/STM32G4xx_HAL_Driver/Src/stm32g4xx_hal_spi.o
 .text.HAL_UART_Init
                0x08003394       0xa0 ./Drivers/STM32G4xx_HAL_Driver/Src/stm32g4xx_hal_uart.o
                0x08003394                HAL_UART_Init
 .text.HAL_UART_MspInit
                0x08003434       0x14 ./Drivers/STM32G4xx_HAL_Driver/Src/stm32g4xx_hal_uart.o
                0x08003434                HAL_UART_MspInit
 .text.HAL_UART_Transmit
                0x08003448      0x11c ./Drivers/STM32G4xx_HAL_Driver/Src/stm32g4xx_hal_uart.o
                0x08003448                HAL_UART_Transmit
 .text.UART_SetConfig
                0x08003564      0x5f8 ./Drivers/STM32G4xx_HAL_Driver/Src/stm32g4xx_hal_uart.o
                0x08003564                UART_SetConfig
 .text.UART_AdvFeatureConfig
                0x08003b5c      0x144 ./Drivers/STM32G4xx_HAL_Driver/Src/stm32g4xx_hal_uart.o
                0x08003b5c                UART_AdvFeatureConfig
 .text.UART_CheckIdleState
                0x08003ca0      0x154 ./Drivers/STM32G4xx_HAL_Driver/Src/stm32g4xx_hal_uart.o
                0x08003ca0                UART_CheckIdleState
 .text.UART_WaitOnFlagUntilTimeout
                0x08003df4       0xda ./Drivers/STM32G4xx_HAL_Driver/Src/stm32g4xx_hal_uart.o
                0x08003df4                UART_WaitOnFlagUntilTimeout
 .text.UART_EndRxTransfer
                0x08003ece       0xcc ./Drivers/STM32G4xx_HAL_Driver/Src/stm32g4xx_hal_uart.o
 *fill*         0x08003f9a        0x2 
 .text.MX_FATFS_Init
                0x08003f9c       0x30 ./FATFS/App/app_fatfs.o
                0x08003f9c                MX_FATFS_Init
 .text.get_fattime
                0x08003fcc       0x10 ./FATFS/App/app_fatfs.o
                0x08003fcc                get_fattime
 .text.SELECT   0x08003fdc       0x1a ./FATFS/Target/fatfs_sd.o
 .text.DESELECT
                0x08003ff6       0x1a ./FATFS/Target/fatfs_sd.o
 .text.SPI_TxByte
                0x08004010       0x34 ./FATFS/Target/fatfs_sd.o
 .text.SPI_TxBuffer
                0x08004044       0x34 ./FATFS/Target/fatfs_sd.o
 .text.SPI_RxByte
                0x08004078       0x38 ./FATFS/Target/fatfs_sd.o
 .text.SPI_RxBytePtr
                0x080040b0       0x1c ./FATFS/Target/fatfs_sd.o
 .text.SD_ReadyWait
                0x080040cc       0x34 ./FATFS/Target/fatfs_sd.o
 .text.SD_PowerOn
                0x08004100       0x84 ./FATFS/Target/fatfs_sd.o
 .text.SD_PowerOff
                0x08004184       0x18 ./FATFS/Target/fatfs_sd.o
 .text.SD_CheckPower
                0x0800419c       0x18 ./FATFS/Target/fatfs_sd.o
 .text.SD_RxDataBlock
                0x080041b4       0x5c ./FATFS/Target/fatfs_sd.o
 .text.SD_TxDataBlock
                0x08004210       0x86 ./FATFS/Target/fatfs_sd.o
 .text.SD_SendCmd
                0x08004296       0xa8 ./FATFS/Target/fatfs_sd.o
 *fill*         0x0800433e        0x2 
 .text.SD_disk_initialize
                0x08004340      0x1cc ./FATFS/Target/fatfs_sd.o
                0x08004340                SD_disk_initialize
 .text.SD_disk_status
                0x0800450c       0x2c ./FATFS/Target/fatfs_sd.o
                0x0800450c                SD_disk_status
 .text.SD_disk_read
                0x08004538       0xd4 ./FATFS/Target/fatfs_sd.o
                0x08004538                SD_disk_read
 .text.SD_disk_write
                0x0800460c      0x108 ./FATFS/Target/fatfs_sd.o
                0x0800460c                SD_disk_write
 .text.SD_disk_ioctl
                0x08004714      0x254 ./FATFS/Target/fatfs_sd.o
                0x08004714                SD_disk_ioctl
 .text.USER_initialize
                0x08004968       0x28 ./FATFS/Target/user_diskio.o
                0x08004968                USER_initialize
 .text.USER_status
                0x08004990       0x28 ./FATFS/Target/user_diskio.o
                0x08004990                USER_status
 .text.USER_read
                0x080049b8       0x28 ./FATFS/Target/user_diskio.o
                0x080049b8                USER_read
 .text.USER_write
                0x080049e0       0x28 ./FATFS/Target/user_diskio.o
                0x080049e0                USER_write
 .text.USER_ioctl
                0x08004a08       0x2c ./FATFS/Target/user_diskio.o
                0x08004a08                USER_ioctl
 .text.disk_status
                0x08004a34       0x34 ./Middlewares/Third_Party/FatFs/src/diskio.o
                0x08004a34                disk_status
 .text.disk_initialize
                0x08004a68       0x4c ./Middlewares/Third_Party/FatFs/src/diskio.o
                0x08004a68                disk_initialize
 .text.disk_read
                0x08004ab4       0x40 ./Middlewares/Third_Party/FatFs/src/diskio.o
                0x08004ab4                disk_read
 .text.disk_write
                0x08004af4       0x40 ./Middlewares/Third_Party/FatFs/src/diskio.o
                0x08004af4                disk_write
 .text.disk_ioctl
                0x08004b34       0x3c ./Middlewares/Third_Party/FatFs/src/diskio.o
                0x08004b34                disk_ioctl
 .text.ld_word  0x08004b70       0x30 ./Middlewares/Third_Party/FatFs/src/ff.o
 .text.ld_dword
                0x08004ba0       0x46 ./Middlewares/Third_Party/FatFs/src/ff.o
 .text.st_word  0x08004be6       0x36 ./Middlewares/Third_Party/FatFs/src/ff.o
 .text.st_dword
                0x08004c1c       0x58 ./Middlewares/Third_Party/FatFs/src/ff.o
 .text.mem_cpy  0x08004c74       0x42 ./Middlewares/Third_Party/FatFs/src/ff.o
 .text.mem_set  0x08004cb6       0x36 ./Middlewares/Third_Party/FatFs/src/ff.o
 .text.mem_cmp  0x08004cec       0x4e ./Middlewares/Third_Party/FatFs/src/ff.o
 .text.chk_chr  0x08004d3a       0x36 ./Middlewares/Third_Party/FatFs/src/ff.o
 .text.chk_lock
                0x08004d70       0xb8 ./Middlewares/Third_Party/FatFs/src/ff.o
 .text.enq_lock
                0x08004e28       0x44 ./Middlewares/Third_Party/FatFs/src/ff.o
 .text.inc_lock
                0x08004e6c      0x11c ./Middlewares/Third_Party/FatFs/src/ff.o
 .text.dec_lock
                0x08004f88       0x78 ./Middlewares/Third_Party/FatFs/src/ff.o
 .text.clear_lock
                0x08005000       0x48 ./Middlewares/Third_Party/FatFs/src/ff.o
 .text.sync_window
                0x08005048       0x88 ./Middlewares/Third_Party/FatFs/src/ff.o
 .text.move_window
                0x080050d0       0x5a ./Middlewares/Third_Party/FatFs/src/ff.o
 *fill*         0x0800512a        0x2 
 .text.sync_fs  0x0800512c       0xe0 ./Middlewares/Third_Party/FatFs/src/ff.o
 .text.clust2sect
                0x0800520c       0x3e ./Middlewares/Third_Party/FatFs/src/ff.o
 .text.get_fat  0x0800524a      0x1a6 ./Middlewares/Third_Party/FatFs/src/ff.o
 .text.put_fat  0x080053f0      0x234 ./Middlewares/Third_Party/FatFs/src/ff.o
 .text.remove_chain
                0x08005624       0xca ./Middlewares/Third_Party/FatFs/src/ff.o
 .text.create_chain
                0x080056ee      0x130 ./Middlewares/Third_Party/FatFs/src/ff.o
 .text.clmt_clust
                0x0800581e       0x70 ./Middlewares/Third_Party/FatFs/src/ff.o
 .text.dir_sdi  0x0800588e      0x112 ./Middlewares/Third_Party/FatFs/src/ff.o
 .text.dir_next
                0x080059a0      0x1ac ./Middlewares/Third_Party/FatFs/src/ff.o
 .text.dir_alloc
                0x08005b4c       0x8e ./Middlewares/Third_Party/FatFs/src/ff.o
 .text.ld_clust
                0x08005bda       0x3e ./Middlewares/Third_Party/FatFs/src/ff.o
 .text.st_clust
                0x08005c18       0x40 ./Middlewares/Third_Party/FatFs/src/ff.o
 .text.cmp_lfn  0x08005c58       0xe0 ./Middlewares/Third_Party/FatFs/src/ff.o
 .text.pick_lfn
                0x08005d38       0xc8 ./Middlewares/Third_Party/FatFs/src/ff.o
 .text.put_lfn  0x08005e00       0xd0 ./Middlewares/Third_Party/FatFs/src/ff.o
 .text.gen_numname
                0x08005ed0      0x11c ./Middlewares/Third_Party/FatFs/src/ff.o
 .text.sum_sfn  0x08005fec       0x42 ./Middlewares/Third_Party/FatFs/src/ff.o
 .text.dir_read
                0x0800602e      0x14e ./Middlewares/Third_Party/FatFs/src/ff.o
 .text.dir_find
                0x0800617c      0x180 ./Middlewares/Third_Party/FatFs/src/ff.o
 .text.dir_register
                0x080062fc      0x1f0 ./Middlewares/Third_Party/FatFs/src/ff.o
 .text.dir_remove
                0x080064ec       0x94 ./Middlewares/Third_Party/FatFs/src/ff.o
 .text.get_fileinfo
                0x08006580      0x1bc ./Middlewares/Third_Party/FatFs/src/ff.o
 .text.create_name
                0x0800673c      0x370 ./Middlewares/Third_Party/FatFs/src/ff.o
 .text.follow_path
                0x08006aac       0xec ./Middlewares/Third_Party/FatFs/src/ff.o
 .text.get_ldnumber
                0x08006b98       0x88 ./Middlewares/Third_Party/FatFs/src/ff.o
 .text.check_fs
                0x08006c20       0xac ./Middlewares/Third_Party/FatFs/src/ff.o
 .text.find_volume
                0x08006ccc      0x50c ./Middlewares/Third_Party/FatFs/src/ff.o
 .text.validate
                0x080071d8       0x6a ./Middlewares/Third_Party/FatFs/src/ff.o
 *fill*         0x08007242        0x2 
 .text.f_mount  0x08007244       0x8c ./Middlewares/Third_Party/FatFs/src/ff.o
                0x08007244                f_mount
 .text.f_open   0x080072d0      0x390 ./Middlewares/Third_Party/FatFs/src/ff.o
                0x080072d0                f_open
 .text.f_read   0x08007660      0x2be ./Middlewares/Third_Party/FatFs/src/ff.o
                0x08007660                f_read
 .text.f_write  0x0800791e      0x328 ./Middlewares/Third_Party/FatFs/src/ff.o
                0x0800791e                f_write
 .text.f_sync   0x08007c46       0xfc ./Middlewares/Third_Party/FatFs/src/ff.o
                0x08007c46                f_sync
 .text.f_close  0x08007d42       0x54 ./Middlewares/Third_Party/FatFs/src/ff.o
                0x08007d42                f_close
 .text.f_opendir
                0x08007d96       0xe6 ./Middlewares/Third_Party/FatFs/src/ff.o
                0x08007d96                f_opendir
 .text.f_closedir
                0x08007e7c       0x4c ./Middlewares/Third_Party/FatFs/src/ff.o
                0x08007e7c                f_closedir
 .text.f_readdir
                0x08007ec8       0x7a ./Middlewares/Third_Party/FatFs/src/ff.o
                0x08007ec8                f_readdir
 .text.f_unlink
                0x08007f42      0x156 ./Middlewares/Third_Party/FatFs/src/ff.o
                0x08007f42                f_unlink
 .text.f_mkdir  0x08008098      0x21a ./Middlewares/Third_Party/FatFs/src/ff.o
                0x08008098                f_mkdir
 *fill*         0x080082b2        0x2 
 .text.FATFS_LinkDriverEx
                0x080082b4       0x98 ./Middlewares/Third_Party/FatFs/src/ff_gen_drv.o
                0x080082b4                FATFS_LinkDriverEx
 .text.FATFS_LinkDriver
                0x0800834c       0x1e ./Middlewares/Third_Party/FatFs/src/ff_gen_drv.o
                0x0800834c                FATFS_LinkDriver
 *fill*         0x0800836a        0x2 
 .text.ff_convert
                0x0800836c       0x78 ./Middlewares/Third_Party/FatFs/src/option/ccsbcs.o
                0x0800836c                ff_convert
 .text.ff_wtoupper
                0x080083e4      0x114 ./Middlewares/Third_Party/FatFs/src/option/ccsbcs.o
                0x080083e4                ff_wtoupper
 .text.WIZCHIP_READ
                0x080084f8       0x98 ./ioLibrary_Driver-master/Ethernet/W5500/w5500.o
                0x080084f8                WIZCHIP_READ
 .text.WIZCHIP_WRITE
                0x08008590       0x9c ./ioLibrary_Driver-master/Ethernet/W5500/w5500.o
                0x08008590                WIZCHIP_WRITE
 .text.WIZCHIP_READ_BUF
                0x0800862c       0xc0 ./ioLibrary_Driver-master/Ethernet/W5500/w5500.o
                0x0800862c                WIZCHIP_READ_BUF
 .text.WIZCHIP_WRITE_BUF
                0x080086ec       0xc0 ./ioLibrary_Driver-master/Ethernet/W5500/w5500.o
                0x080086ec                WIZCHIP_WRITE_BUF
 .text.getSn_TX_FSR
                0x080087ac       0x92 ./ioLibrary_Driver-master/Ethernet/W5500/w5500.o
                0x080087ac                getSn_TX_FSR
 .text.getSn_RX_RSR
                0x0800883e       0x92 ./ioLibrary_Driver-master/Ethernet/W5500/w5500.o
                0x0800883e                getSn_RX_RSR
 .text.wiz_send_data
                0x080088d0       0xb4 ./ioLibrary_Driver-master/Ethernet/W5500/w5500.o
                0x080088d0                wiz_send_data
 .text.wiz_recv_data
                0x08008984       0xb4 ./ioLibrary_Driver-master/Ethernet/W5500/w5500.o
                0x08008984                wiz_recv_data
 .text.socket   0x08008a38      0x228 ./ioLibrary_Driver-master/Ethernet/socket.o
                0x08008a38                socket
 .text.close    0x08008c60       0xdc ./ioLibrary_Driver-master/Ethernet/socket.o
                0x08008c60                close
 .text.listen   0x08008d3c       0xb2 ./ioLibrary_Driver-master/Ethernet/socket.o
                0x08008d3c                listen
 *fill*         0x08008dee        0x2 
 .text.connect  0x08008df0      0x1b8 ./ioLibrary_Driver-master/Ethernet/socket.o
                0x08008df0                connect
 .text.disconnect
                0x08008fa8       0xec ./ioLibrary_Driver-master/Ethernet/socket.o
                0x08008fa8                disconnect
 .text.send     0x08009094      0x1f0 ./ioLibrary_Driver-master/Ethernet/socket.o
                0x08009094                send
 .text.recv     0x08009284      0x168 ./ioLibrary_Driver-master/Ethernet/socket.o
                0x08009284                recv
 .text.wizchip_cris_enter
                0x080093ec        0xe ./ioLibrary_Driver-master/Ethernet/wizchip_conf.o
                0x080093ec                wizchip_cris_enter
 .text.wizchip_cris_exit
                0x080093fa        0xe ./ioLibrary_Driver-master/Ethernet/wizchip_conf.o
                0x080093fa                wizchip_cris_exit
 .text.wizchip_cs_select
                0x08009408        0xe ./ioLibrary_Driver-master/Ethernet/wizchip_conf.o
                0x08009408                wizchip_cs_select
 .text.wizchip_cs_deselect
                0x08009416        0xe ./ioLibrary_Driver-master/Ethernet/wizchip_conf.o
                0x08009416                wizchip_cs_deselect
 .text.wizchip_bus_readdata
                0x08009424       0x1a ./ioLibrary_Driver-master/Ethernet/wizchip_conf.o
                0x08009424                wizchip_bus_readdata
 .text.wizchip_bus_writedata
                0x0800943e       0x1e ./ioLibrary_Driver-master/Ethernet/wizchip_conf.o
                0x0800943e                wizchip_bus_writedata
 .text.wizchip_spi_readbyte
                0x0800945c       0x10 ./ioLibrary_Driver-master/Ethernet/wizchip_conf.o
                0x0800945c                wizchip_spi_readbyte
 .text.wizchip_spi_writebyte
                0x0800946c       0x16 ./ioLibrary_Driver-master/Ethernet/wizchip_conf.o
                0x0800946c                wizchip_spi_writebyte
 *fill*         0x08009482        0x2 
 .text.reg_wizchip_cs_cbfunc
                0x08009484       0x4c ./ioLibrary_Driver-master/Ethernet/wizchip_conf.o
                0x08009484                reg_wizchip_cs_cbfunc
 .text.reg_wizchip_spi_cbfunc
                0x080094d0       0x58 ./ioLibrary_Driver-master/Ethernet/wizchip_conf.o
                0x080094d0                reg_wizchip_spi_cbfunc
 .text.wizchip_sw_reset
                0x08009528       0x98 ./ioLibrary_Driver-master/Ethernet/wizchip_conf.o
                0x08009528                wizchip_sw_reset
 .text.wizchip_init
                0x080095c0      0x118 ./ioLibrary_Driver-master/Ethernet/wizchip_conf.o
                0x080095c0                wizchip_init
 .text.wizchip_setnetinfo
                0x080096d8       0x80 ./ioLibrary_Driver-master/Ethernet/wizchip_conf.o
                0x080096d8                wizchip_setnetinfo
 .text.scan_files
                0x08009758      0x204 ./ioLibrary_Driver-master/Internet/FTPServer/ftpd.o
                0x08009758                scan_files
 .text.get_filesize
                0x0800995c      0x134 ./ioLibrary_Driver-master/Internet/FTPServer/ftpd.o
                0x0800995c                get_filesize
 .text.ftpd_init
                0x08009a90       0xf4 ./ioLibrary_Driver-master/Internet/FTPServer/ftpd.o
                0x08009a90                ftpd_init
 .text.ftpd_run
                0x08009b84      0xbd4 ./ioLibrary_Driver-master/Internet/FTPServer/ftpd.o
                0x08009b84                ftpd_run
 .text.proc_ftpd
                0x0800a758      0xc30 ./ioLibrary_Driver-master/Internet/FTPServer/ftpd.o
                0x0800a758                proc_ftpd
 .text.ftplogin
                0x0800b388       0x58 ./ioLibrary_Driver-master/Internet/FTPServer/ftpd.o
                0x0800b388                ftplogin
 .text.pport    0x0800b3e0      0x108 ./ioLibrary_Driver-master/Internet/FTPServer/ftpd.o
                0x0800b3e0                pport
 .text.atoi     0x0800b4e8        0x8 C:/ST/STM32CubeIDE_1.14.1/STM32CubeIDE/plugins/com.st.stm32cube.ide.mcu.externaltools.gnu-tools-for-stm32.12.3.rel1.win32_1.0.200.202406191623/tools/bin/../lib/gcc/arm-none-eabi/12.3.1/../../../../arm-none-eabi/lib/thumb/v7e-m+fp/hard\libc_nano.a(libc_a-atoi.o)
                0x0800b4e8                atoi
 .text._strtol_l.constprop.0
                0x0800b4f0       0xf4 C:/ST/STM32CubeIDE_1.14.1/STM32CubeIDE/plugins/com.st.stm32cube.ide.mcu.externaltools.gnu-tools-for-stm32.12.3.rel1.win32_1.0.200.202406191623/tools/bin/../lib/gcc/arm-none-eabi/12.3.1/../../../../arm-none-eabi/lib/thumb/v7e-m+fp/hard\libc_nano.a(libc_a-strtol.o)
 .text.strtol   0x0800b5e4       0x14 C:/ST/STM32CubeIDE_1.14.1/STM32CubeIDE/plugins/com.st.stm32cube.ide.mcu.externaltools.gnu-tools-for-stm32.12.3.rel1.win32_1.0.200.202406191623/tools/bin/../lib/gcc/arm-none-eabi/12.3.1/../../../../arm-none-eabi/lib/thumb/v7e-m+fp/hard\libc_nano.a(libc_a-strtol.o)
                0x0800b5e4                strtol
 .text.std      0x0800b5f8       0x6c C:/ST/STM32CubeIDE_1.14.1/STM32CubeIDE/plugins/com.st.stm32cube.ide.mcu.externaltools.gnu-tools-for-stm32.12.3.rel1.win32_1.0.200.202406191623/tools/bin/../lib/gcc/arm-none-eabi/12.3.1/../../../../arm-none-eabi/lib/thumb/v7e-m+fp/hard\libc_nano.a(libc_a-findfp.o)
 .text.stdio_exit_handler
                0x0800b664       0x18 C:/ST/STM32CubeIDE_1.14.1/STM32CubeIDE/plugins/com.st.stm32cube.ide.mcu.externaltools.gnu-tools-for-stm32.12.3.rel1.win32_1.0.200.202406191623/tools/bin/../lib/gcc/arm-none-eabi/12.3.1/../../../../arm-none-eabi/lib/thumb/v7e-m+fp/hard\libc_nano.a(libc_a-findfp.o)
 .text.cleanup_stdio
                0x0800b67c       0x40 C:/ST/STM32CubeIDE_1.14.1/STM32CubeIDE/plugins/com.st.stm32cube.ide.mcu.externaltools.gnu-tools-for-stm32.12.3.rel1.win32_1.0.200.202406191623/tools/bin/../lib/gcc/arm-none-eabi/12.3.1/../../../../arm-none-eabi/lib/thumb/v7e-m+fp/hard\libc_nano.a(libc_a-findfp.o)
 .text.global_stdio_init.part.0
                0x0800b6bc       0x3c C:/ST/STM32CubeIDE_1.14.1/STM32CubeIDE/plugins/com.st.stm32cube.ide.mcu.externaltools.gnu-tools-for-stm32.12.3.rel1.win32_1.0.200.202406191623/tools/bin/../lib/gcc/arm-none-eabi/12.3.1/../../../../arm-none-eabi/lib/thumb/v7e-m+fp/hard\libc_nano.a(libc_a-findfp.o)
 .text.__sfp_lock_acquire
                0x0800b6f8        0xc C:/ST/STM32CubeIDE_1.14.1/STM32CubeIDE/plugins/com.st.stm32cube.ide.mcu.externaltools.gnu-tools-for-stm32.12.3.rel1.win32_1.0.200.202406191623/tools/bin/../lib/gcc/arm-none-eabi/12.3.1/../../../../arm-none-eabi/lib/thumb/v7e-m+fp/hard\libc_nano.a(libc_a-findfp.o)
                0x0800b6f8                __sfp_lock_acquire
 .text.__sfp_lock_release
                0x0800b704        0xc C:/ST/STM32CubeIDE_1.14.1/STM32CubeIDE/plugins/com.st.stm32cube.ide.mcu.externaltools.gnu-tools-for-stm32.12.3.rel1.win32_1.0.200.202406191623/tools/bin/../lib/gcc/arm-none-eabi/12.3.1/../../../../arm-none-eabi/lib/thumb/v7e-m+fp/hard\libc_nano.a(libc_a-findfp.o)
                0x0800b704                __sfp_lock_release
 .text.__sinit  0x0800b710       0x30 C:/ST/STM32CubeIDE_1.14.1/STM32CubeIDE/plugins/com.st.stm32cube.ide.mcu.externaltools.gnu-tools-for-stm32.12.3.rel1.win32_1.0.200.202406191623/tools/bin/../lib/gcc/arm-none-eabi/12.3.1/../../../../arm-none-eabi/lib/thumb/v7e-m+fp/hard\libc_nano.a(libc_a-findfp.o)
                0x0800b710                __sinit
 .text._fwalk_sglue
                0x0800b740       0x3c C:/ST/STM32CubeIDE_1.14.1/STM32CubeIDE/plugins/com.st.stm32cube.ide.mcu.externaltools.gnu-tools-for-stm32.12.3.rel1.win32_1.0.200.202406191623/tools/bin/../lib/gcc/arm-none-eabi/12.3.1/../../../../arm-none-eabi/lib/thumb/v7e-m+fp/hard\libc_nano.a(libc_a-fwalk.o)
                0x0800b740                _fwalk_sglue
 .text.printf   0x0800b77c       0x24 C:/ST/STM32CubeIDE_1.14.1/STM32CubeIDE/plugins/com.st.stm32cube.ide.mcu.externaltools.gnu-tools-for-stm32.12.3.rel1.win32_1.0.200.202406191623/tools/bin/../lib/gcc/arm-none-eabi/12.3.1/../../../../arm-none-eabi/lib/thumb/v7e-m+fp/hard\libc_nano.a(libc_a-printf.o)
                0x0800b77c                iprintf
                0x0800b77c                printf
 .text.putchar  0x0800b7a0       0x10 C:/ST/STM32CubeIDE_1.14.1/STM32CubeIDE/plugins/com.st.stm32cube.ide.mcu.externaltools.gnu-tools-for-stm32.12.3.rel1.win32_1.0.200.202406191623/tools/bin/../lib/gcc/arm-none-eabi/12.3.1/../../../../arm-none-eabi/lib/thumb/v7e-m+fp/hard\libc_nano.a(libc_a-putchar.o)
                0x0800b7a0                putchar
 .text._puts_r  0x0800b7b0       0xaa C:/ST/STM32CubeIDE_1.14.1/STM32CubeIDE/plugins/com.st.stm32cube.ide.mcu.externaltools.gnu-tools-for-stm32.12.3.rel1.win32_1.0.200.202406191623/tools/bin/../lib/gcc/arm-none-eabi/12.3.1/../../../../arm-none-eabi/lib/thumb/v7e-m+fp/hard\libc_nano.a(libc_a-puts.o)
                0x0800b7b0                _puts_r
 *fill*         0x0800b85a        0x2 
 .text.puts     0x0800b85c       0x10 C:/ST/STM32CubeIDE_1.14.1/STM32CubeIDE/plugins/com.st.stm32cube.ide.mcu.externaltools.gnu-tools-for-stm32.12.3.rel1.win32_1.0.200.202406191623/tools/bin/../lib/gcc/arm-none-eabi/12.3.1/../../../../arm-none-eabi/lib/thumb/v7e-m+fp/hard\libc_nano.a(libc_a-puts.o)
                0x0800b85c                puts
 .text.sprintf  0x0800b86c       0x40 C:/ST/STM32CubeIDE_1.14.1/STM32CubeIDE/plugins/com.st.stm32cube.ide.mcu.externaltools.gnu-tools-for-stm32.12.3.rel1.win32_1.0.200.202406191623/tools/bin/../lib/gcc/arm-none-eabi/12.3.1/../../../../arm-none-eabi/lib/thumb/v7e-m+fp/hard\libc_nano.a(libc_a-sprintf.o)
                0x0800b86c                siprintf
                0x0800b86c                sprintf
 .text.__sread  0x0800b8ac       0x22 C:/ST/STM32CubeIDE_1.14.1/STM32CubeIDE/plugins/com.st.stm32cube.ide.mcu.externaltools.gnu-tools-for-stm32.12.3.rel1.win32_1.0.200.202406191623/tools/bin/../lib/gcc/arm-none-eabi/12.3.1/../../../../arm-none-eabi/lib/thumb/v7e-m+fp/hard\libc_nano.a(libc_a-stdio.o)
                0x0800b8ac                __sread
 .text.__swrite
                0x0800b8ce       0x38 C:/ST/STM32CubeIDE_1.14.1/STM32CubeIDE/plugins/com.st.stm32cube.ide.mcu.externaltools.gnu-tools-for-stm32.12.3.rel1.win32_1.0.200.202406191623/tools/bin/../lib/gcc/arm-none-eabi/12.3.1/../../../../arm-none-eabi/lib/thumb/v7e-m+fp/hard\libc_nano.a(libc_a-stdio.o)
                0x0800b8ce                __swrite
 .text.__sseek  0x0800b906       0x24 C:/ST/STM32CubeIDE_1.14.1/STM32CubeIDE/plugins/com.st.stm32cube.ide.mcu.externaltools.gnu-tools-for-stm32.12.3.rel1.win32_1.0.200.202406191623/tools/bin/../lib/gcc/arm-none-eabi/12.3.1/../../../../arm-none-eabi/lib/thumb/v7e-m+fp/hard\libc_nano.a(libc_a-stdio.o)
                0x0800b906                __sseek
 .text.__sclose
                0x0800b92a        0x8 C:/ST/STM32CubeIDE_1.14.1/STM32CubeIDE/plugins/com.st.stm32cube.ide.mcu.externaltools.gnu-tools-for-stm32.12.3.rel1.win32_1.0.200.202406191623/tools/bin/../lib/gcc/arm-none-eabi/12.3.1/../../../../arm-none-eabi/lib/thumb/v7e-m+fp/hard\libc_nano.a(libc_a-stdio.o)
                0x0800b92a                __sclose
 .text.__swbuf_r
                0x0800b932       0x7c C:/ST/STM32CubeIDE_1.14.1/STM32CubeIDE/plugins/com.st.stm32cube.ide.mcu.externaltools.gnu-tools-for-stm32.12.3.rel1.win32_1.0.200.202406191623/tools/bin/../lib/gcc/arm-none-eabi/12.3.1/../../../../arm-none-eabi/lib/thumb/v7e-m+fp/hard\libc_nano.a(libc_a-wbuf.o)
                0x0800b932                __swbuf_r
 *fill*         0x0800b9ae        0x2 
 .text.__swsetup_r
                0x0800b9b0       0xac C:/ST/STM32CubeIDE_1.14.1/STM32CubeIDE/plugins/com.st.stm32cube.ide.mcu.externaltools.gnu-tools-for-stm32.12.3.rel1.win32_1.0.200.202406191623/tools/bin/../lib/gcc/arm-none-eabi/12.3.1/../../../../arm-none-eabi/lib/thumb/v7e-m+fp/hard\libc_nano.a(libc_a-wsetup.o)
                0x0800b9b0                __swsetup_r
 .text.memset   0x0800ba5c       0x10 C:/ST/STM32CubeIDE_1.14.1/STM32CubeIDE/plugins/com.st.stm32cube.ide.mcu.externaltools.gnu-tools-for-stm32.12.3.rel1.win32_1.0.200.202406191623/tools/bin/../lib/gcc/arm-none-eabi/12.3.1/../../../../arm-none-eabi/lib/thumb/v7e-m+fp/hard\libc_nano.a(libc_a-memset.o)
                0x0800ba5c                memset
 .text.strncmp  0x0800ba6c       0x24 C:/ST/STM32CubeIDE_1.14.1/STM32CubeIDE/plugins/com.st.stm32cube.ide.mcu.externaltools.gnu-tools-for-stm32.12.3.rel1.win32_1.0.200.202406191623/tools/bin/../lib/gcc/arm-none-eabi/12.3.1/../../../../arm-none-eabi/lib/thumb/v7e-m+fp/hard\libc_nano.a(libc_a-strncmp.o)
                0x0800ba6c                strncmp
 .text.strrchr  0x0800ba90       0x2c C:/ST/STM32CubeIDE_1.14.1/STM32CubeIDE/plugins/com.st.stm32cube.ide.mcu.externaltools.gnu-tools-for-stm32.12.3.rel1.win32_1.0.200.202406191623/tools/bin/../lib/gcc/arm-none-eabi/12.3.1/../../../../arm-none-eabi/lib/thumb/v7e-m+fp/hard\libc_nano.a(libc_a-strrchr.o)
                0x0800ba90                strrchr
 .text.strtok   0x0800babc       0x68 C:/ST/STM32CubeIDE_1.14.1/STM32CubeIDE/plugins/com.st.stm32cube.ide.mcu.externaltools.gnu-tools-for-stm32.12.3.rel1.win32_1.0.200.202406191623/tools/bin/../lib/gcc/arm-none-eabi/12.3.1/../../../../arm-none-eabi/lib/thumb/v7e-m+fp/hard\libc_nano.a(libc_a-strtok.o)
                0x0800babc                strtok
 .text.__strtok_r
                0x0800bb24       0x50 C:/ST/STM32CubeIDE_1.14.1/STM32CubeIDE/plugins/com.st.stm32cube.ide.mcu.externaltools.gnu-tools-for-stm32.12.3.rel1.win32_1.0.200.202406191623/tools/bin/../lib/gcc/arm-none-eabi/12.3.1/../../../../arm-none-eabi/lib/thumb/v7e-m+fp/hard\libc_nano.a(libc_a-strtok_r.o)
                0x0800bb24                __strtok_r
 .text._close_r
                0x0800bb74       0x20 C:/ST/STM32CubeIDE_1.14.1/STM32CubeIDE/plugins/com.st.stm32cube.ide.mcu.externaltools.gnu-tools-for-stm32.12.3.rel1.win32_1.0.200.202406191623/tools/bin/../lib/gcc/arm-none-eabi/12.3.1/../../../../arm-none-eabi/lib/thumb/v7e-m+fp/hard\libc_nano.a(libc_a-closer.o)
                0x0800bb74                _close_r
 .text._lseek_r
                0x0800bb94       0x24 C:/ST/STM32CubeIDE_1.14.1/STM32CubeIDE/plugins/com.st.stm32cube.ide.mcu.externaltools.gnu-tools-for-stm32.12.3.rel1.win32_1.0.200.202406191623/tools/bin/../lib/gcc/arm-none-eabi/12.3.1/../../../../arm-none-eabi/lib/thumb/v7e-m+fp/hard\libc_nano.a(libc_a-lseekr.o)
                0x0800bb94                _lseek_r
 .text._read_r  0x0800bbb8       0x24 C:/ST/STM32CubeIDE_1.14.1/STM32CubeIDE/plugins/com.st.stm32cube.ide.mcu.externaltools.gnu-tools-for-stm32.12.3.rel1.win32_1.0.200.202406191623/tools/bin/../lib/gcc/arm-none-eabi/12.3.1/../../../../arm-none-eabi/lib/thumb/v7e-m+fp/hard\libc_nano.a(libc_a-readr.o)
                0x0800bbb8                _read_r
 .text._write_r
                0x0800bbdc       0x24 C:/ST/STM32CubeIDE_1.14.1/STM32CubeIDE/plugins/com.st.stm32cube.ide.mcu.externaltools.gnu-tools-for-stm32.12.3.rel1.win32_1.0.200.202406191623/tools/bin/../lib/gcc/arm-none-eabi/12.3.1/../../../../arm-none-eabi/lib/thumb/v7e-m+fp/hard\libc_nano.a(libc_a-writer.o)
                0x0800bbdc                _write_r
 .text.__errno  0x0800bc00        0xc C:/ST/STM32CubeIDE_1.14.1/STM32CubeIDE/plugins/com.st.stm32cube.ide.mcu.externaltools.gnu-tools-for-stm32.12.3.rel1.win32_1.0.200.202406191623/tools/bin/../lib/gcc/arm-none-eabi/12.3.1/../../../../arm-none-eabi/lib/thumb/v7e-m+fp/hard\libc_nano.a(libc_a-errno.o)
                0x0800bc00                __errno
 .text.__libc_init_array
                0x0800bc0c       0x48 C:/ST/STM32CubeIDE_1.14.1/STM32CubeIDE/plugins/com.st.stm32cube.ide.mcu.externaltools.gnu-tools-for-stm32.12.3.rel1.win32_1.0.200.202406191623/tools/bin/../lib/gcc/arm-none-eabi/12.3.1/../../../../arm-none-eabi/lib/thumb/v7e-m+fp/hard\libc_nano.a(libc_a-init.o)
                0x0800bc0c                __libc_init_array
 .text.__retarget_lock_init_recursive
                0x0800bc54        0x2 C:/ST/STM32CubeIDE_1.14.1/STM32CubeIDE/plugins/com.st.stm32cube.ide.mcu.externaltools.gnu-tools-for-stm32.12.3.rel1.win32_1.0.200.202406191623/tools/bin/../lib/gcc/arm-none-eabi/12.3.1/../../../../arm-none-eabi/lib/thumb/v7e-m+fp/hard\libc_nano.a(libc_a-lock.o)
                0x0800bc54                __retarget_lock_init_recursive
 .text.__retarget_lock_acquire_recursive
                0x0800bc56        0x2 C:/ST/STM32CubeIDE_1.14.1/STM32CubeIDE/plugins/com.st.stm32cube.ide.mcu.externaltools.gnu-tools-for-stm32.12.3.rel1.win32_1.0.200.202406191623/tools/bin/../lib/gcc/arm-none-eabi/12.3.1/../../../../arm-none-eabi/lib/thumb/v7e-m+fp/hard\libc_nano.a(libc_a-lock.o)
                0x0800bc56                __retarget_lock_acquire_recursive
 .text.__retarget_lock_release_recursive
                0x0800bc58        0x2 C:/ST/STM32CubeIDE_1.14.1/STM32CubeIDE/plugins/com.st.stm32cube.ide.mcu.externaltools.gnu-tools-for-stm32.12.3.rel1.win32_1.0.200.202406191623/tools/bin/../lib/gcc/arm-none-eabi/12.3.1/../../../../arm-none-eabi/lib/thumb/v7e-m+fp/hard\libc_nano.a(libc_a-lock.o)
                0x0800bc58                __retarget_lock_release_recursive
 .text.strcpy   0x0800bc5a       0x10 C:/ST/STM32CubeIDE_1.14.1/STM32CubeIDE/plugins/com.st.stm32cube.ide.mcu.externaltools.gnu-tools-for-stm32.12.3.rel1.win32_1.0.200.202406191623/tools/bin/../lib/gcc/arm-none-eabi/12.3.1/../../../../arm-none-eabi/lib/thumb/v7e-m+fp/hard\libc_nano.a(libc_a-strcpy.o)
                0x0800bc5a                strcpy
 *fill*         0x0800bc6a        0x2 
 .text.__assert_func
                0x0800bc6c       0x3c C:/ST/STM32CubeIDE_1.14.1/STM32CubeIDE/plugins/com.st.stm32cube.ide.mcu.externaltools.gnu-tools-for-stm32.12.3.rel1.win32_1.0.200.202406191623/tools/bin/../lib/gcc/arm-none-eabi/12.3.1/../../../../arm-none-eabi/lib/thumb/v7e-m+fp/hard\libc_nano.a(libc_a-assert.o)
                0x0800bc6c                __assert_func
 .text._free_r  0x0800bca8       0x94 C:/ST/STM32CubeIDE_1.14.1/STM32CubeIDE/plugins/com.st.stm32cube.ide.mcu.externaltools.gnu-tools-for-stm32.12.3.rel1.win32_1.0.200.202406191623/tools/bin/../lib/gcc/arm-none-eabi/12.3.1/../../../../arm-none-eabi/lib/thumb/v7e-m+fp/hard\libc_nano.a(libc_a-freer.o)
                0x0800bca8                _free_r
 .text.malloc   0x0800bd3c       0x10 C:/ST/STM32CubeIDE_1.14.1/STM32CubeIDE/plugins/com.st.stm32cube.ide.mcu.externaltools.gnu-tools-for-stm32.12.3.rel1.win32_1.0.200.202406191623/tools/bin/../lib/gcc/arm-none-eabi/12.3.1/../../../../arm-none-eabi/lib/thumb/v7e-m+fp/hard\libc_nano.a(libc_a-malloc.o)
                0x0800bd3c                malloc
 .text.sbrk_aligned
                0x0800bd4c       0x44 C:/ST/STM32CubeIDE_1.14.1/STM32CubeIDE/plugins/com.st.stm32cube.ide.mcu.externaltools.gnu-tools-for-stm32.12.3.rel1.win32_1.0.200.202406191623/tools/bin/../lib/gcc/arm-none-eabi/12.3.1/../../../../arm-none-eabi/lib/thumb/v7e-m+fp/hard\libc_nano.a(libc_a-mallocr.o)
 .text._malloc_r
                0x0800bd90      0x100 C:/ST/STM32CubeIDE_1.14.1/STM32CubeIDE/plugins/com.st.stm32cube.ide.mcu.externaltools.gnu-tools-for-stm32.12.3.rel1.win32_1.0.200.202406191623/tools/bin/../lib/gcc/arm-none-eabi/12.3.1/../../../../arm-none-eabi/lib/thumb/v7e-m+fp/hard\libc_nano.a(libc_a-mallocr.o)
                0x0800bd90                _malloc_r
 .text.__malloc_lock
                0x0800be90        0xc C:/ST/STM32CubeIDE_1.14.1/STM32CubeIDE/plugins/com.st.stm32cube.ide.mcu.externaltools.gnu-tools-for-stm32.12.3.rel1.win32_1.0.200.202406191623/tools/bin/../lib/gcc/arm-none-eabi/12.3.1/../../../../arm-none-eabi/lib/thumb/v7e-m+fp/hard\libc_nano.a(libc_a-mlock.o)
                0x0800be90                __malloc_lock
 .text.__malloc_unlock
                0x0800be9c        0xc C:/ST/STM32CubeIDE_1.14.1/STM32CubeIDE/plugins/com.st.stm32cube.ide.mcu.externaltools.gnu-tools-for-stm32.12.3.rel1.win32_1.0.200.202406191623/tools/bin/../lib/gcc/arm-none-eabi/12.3.1/../../../../arm-none-eabi/lib/thumb/v7e-m+fp/hard\libc_nano.a(libc_a-mlock.o)
                0x0800be9c                __malloc_unlock
 .text.__ssputs_r
                0x0800bea8       0xb6 C:/ST/STM32CubeIDE_1.14.1/STM32CubeIDE/plugins/com.st.stm32cube.ide.mcu.externaltools.gnu-tools-for-stm32.12.3.rel1.win32_1.0.200.202406191623/tools/bin/../lib/gcc/arm-none-eabi/12.3.1/../../../../arm-none-eabi/lib/thumb/v7e-m+fp/hard\libc_nano.a(libc_a-nano-svfprintf.o)
                0x0800bea8                __ssputs_r
 *fill*         0x0800bf5e        0x2 
 .text._svfprintf_r
                0x0800bf60      0x1f8 C:/ST/STM32CubeIDE_1.14.1/STM32CubeIDE/plugins/com.st.stm32cube.ide.mcu.externaltools.gnu-tools-for-stm32.12.3.rel1.win32_1.0.200.202406191623/tools/bin/../lib/gcc/arm-none-eabi/12.3.1/../../../../arm-none-eabi/lib/thumb/v7e-m+fp/hard\libc_nano.a(libc_a-nano-svfprintf.o)
                0x0800bf60                _svfiprintf_r
                0x0800bf60                _svfprintf_r
 .text.__sfputc_r
                0x0800c158       0x2e C:/ST/STM32CubeIDE_1.14.1/STM32CubeIDE/plugins/com.st.stm32cube.ide.mcu.externaltools.gnu-tools-for-stm32.12.3.rel1.win32_1.0.200.202406191623/tools/bin/../lib/gcc/arm-none-eabi/12.3.1/../../../../arm-none-eabi/lib/thumb/v7e-m+fp/hard\libc_nano.a(libc_a-nano-vfprintf.o)
 .text.__sfputs_r
                0x0800c186       0x24 C:/ST/STM32CubeIDE_1.14.1/STM32CubeIDE/plugins/com.st.stm32cube.ide.mcu.externaltools.gnu-tools-for-stm32.12.3.rel1.win32_1.0.200.202406191623/tools/bin/../lib/gcc/arm-none-eabi/12.3.1/../../../../arm-none-eabi/lib/thumb/v7e-m+fp/hard\libc_nano.a(libc_a-nano-vfprintf.o)
                0x0800c186                __sfputs_r
 *fill*         0x0800c1aa        0x2 
 .text._vfprintf_r
                0x0800c1ac      0x230 C:/ST/STM32CubeIDE_1.14.1/STM32CubeIDE/plugins/com.st.stm32cube.ide.mcu.externaltools.gnu-tools-for-stm32.12.3.rel1.win32_1.0.200.202406191623/tools/bin/../lib/gcc/arm-none-eabi/12.3.1/../../../../arm-none-eabi/lib/thumb/v7e-m+fp/hard\libc_nano.a(libc_a-nano-vfprintf.o)
                0x0800c1ac                _vfprintf_r
                0x0800c1ac                _vfiprintf_r
 .text._printf_common
                0x0800c3dc       0xda C:/ST/STM32CubeIDE_1.14.1/STM32CubeIDE/plugins/com.st.stm32cube.ide.mcu.externaltools.gnu-tools-for-stm32.12.3.rel1.win32_1.0.200.202406191623/tools/bin/../lib/gcc/arm-none-eabi/12.3.1/../../../../arm-none-eabi/lib/thumb/v7e-m+fp/hard\libc_nano.a(libc_a-nano-vfprintf_i.o)
                0x0800c3dc                _printf_common
 *fill*         0x0800c4b6        0x2 
 .text._printf_i
                0x0800c4b8      0x240 C:/ST/STM32CubeIDE_1.14.1/STM32CubeIDE/plugins/com.st.stm32cube.ide.mcu.externaltools.gnu-tools-for-stm32.12.3.rel1.win32_1.0.200.202406191623/tools/bin/../lib/gcc/arm-none-eabi/12.3.1/../../../../arm-none-eabi/lib/thumb/v7e-m+fp/hard\libc_nano.a(libc_a-nano-vfprintf_i.o)
                0x0800c4b8                _printf_i
 .text.__sflush_r
                0x0800c6f8      0x108 C:/ST/STM32CubeIDE_1.14.1/STM32CubeIDE/plugins/com.st.stm32cube.ide.mcu.externaltools.gnu-tools-for-stm32.12.3.rel1.win32_1.0.200.202406191623/tools/bin/../lib/gcc/arm-none-eabi/12.3.1/../../../../arm-none-eabi/lib/thumb/v7e-m+fp/hard\libc_nano.a(libc_a-fflush.o)
                0x0800c6f8                __sflush_r
 .text._fflush_r
                0x0800c800       0x50 C:/ST/STM32CubeIDE_1.14.1/STM32CubeIDE/plugins/com.st.stm32cube.ide.mcu.externaltools.gnu-tools-for-stm32.12.3.rel1.win32_1.0.200.202406191623/tools/bin/../lib/gcc/arm-none-eabi/12.3.1/../../../../arm-none-eabi/lib/thumb/v7e-m+fp/hard\libc_nano.a(libc_a-fflush.o)
                0x0800c800                _fflush_r
 .text.fprintf  0x0800c850       0x24 C:/ST/STM32CubeIDE_1.14.1/STM32CubeIDE/plugins/com.st.stm32cube.ide.mcu.externaltools.gnu-tools-for-stm32.12.3.rel1.win32_1.0.200.202406191623/tools/bin/../lib/gcc/arm-none-eabi/12.3.1/../../../../arm-none-eabi/lib/thumb/v7e-m+fp/hard\libc_nano.a(libc_a-fprintf.o)
                0x0800c850                fiprintf
                0x0800c850                fprintf
 .text.__swhatbuf_r
                0x0800c874       0x4c C:/ST/STM32CubeIDE_1.14.1/STM32CubeIDE/plugins/com.st.stm32cube.ide.mcu.externaltools.gnu-tools-for-stm32.12.3.rel1.win32_1.0.200.202406191623/tools/bin/../lib/gcc/arm-none-eabi/12.3.1/../../../../arm-none-eabi/lib/thumb/v7e-m+fp/hard\libc_nano.a(libc_a-makebuf.o)
                0x0800c874                __swhatbuf_r
 .text.__smakebuf_r
                0x0800c8c0       0x78 C:/ST/STM32CubeIDE_1.14.1/STM32CubeIDE/plugins/com.st.stm32cube.ide.mcu.externaltools.gnu-tools-for-stm32.12.3.rel1.win32_1.0.200.202406191623/tools/bin/../lib/gcc/arm-none-eabi/12.3.1/../../../../arm-none-eabi/lib/thumb/v7e-m+fp/hard\libc_nano.a(libc_a-makebuf.o)
                0x0800c8c0                __smakebuf_r
 .text._putc_r  0x0800c938       0x68 C:/ST/STM32CubeIDE_1.14.1/STM32CubeIDE/plugins/com.st.stm32cube.ide.mcu.externaltools.gnu-tools-for-stm32.12.3.rel1.win32_1.0.200.202406191623/tools/bin/../lib/gcc/arm-none-eabi/12.3.1/../../../../arm-none-eabi/lib/thumb/v7e-m+fp/hard\libc_nano.a(libc_a-putc.o)
                0x0800c938                _putc_r
 .text.memmove  0x0800c9a0       0x34 C:/ST/STM32CubeIDE_1.14.1/STM32CubeIDE/plugins/com.st.stm32cube.ide.mcu.externaltools.gnu-tools-for-stm32.12.3.rel1.win32_1.0.200.202406191623/tools/bin/../lib/gcc/arm-none-eabi/12.3.1/../../../../arm-none-eabi/lib/thumb/v7e-m+fp/hard\libc_nano.a(libc_a-memmove.o)
                0x0800c9a0                memmove
 .text.strchr   0x0800c9d4       0x1a C:/ST/STM32CubeIDE_1.14.1/STM32CubeIDE/plugins/com.st.stm32cube.ide.mcu.externaltools.gnu-tools-for-stm32.12.3.rel1.win32_1.0.200.202406191623/tools/bin/../lib/gcc/arm-none-eabi/12.3.1/../../../../arm-none-eabi/lib/thumb/v7e-m+fp/hard\libc_nano.a(libc_a-strchr.o)
                0x0800c9d4                strchr
 *fill*         0x0800c9ee        0x2 
 .text._fstat_r
                0x0800c9f0       0x24 C:/ST/STM32CubeIDE_1.14.1/STM32CubeIDE/plugins/com.st.stm32cube.ide.mcu.externaltools.gnu-tools-for-stm32.12.3.rel1.win32_1.0.200.202406191623/tools/bin/../lib/gcc/arm-none-eabi/12.3.1/../../../../arm-none-eabi/lib/thumb/v7e-m+fp/hard\libc_nano.a(libc_a-fstatr.o)
                0x0800c9f0                _fstat_r
 .text._isatty_r
                0x0800ca14       0x20 C:/ST/STM32CubeIDE_1.14.1/STM32CubeIDE/plugins/com.st.stm32cube.ide.mcu.externaltools.gnu-tools-for-stm32.12.3.rel1.win32_1.0.200.202406191623/tools/bin/../lib/gcc/arm-none-eabi/12.3.1/../../../../arm-none-eabi/lib/thumb/v7e-m+fp/hard\libc_nano.a(libc_a-isattyr.o)
                0x0800ca14                _isatty_r
 .text._sbrk_r  0x0800ca34       0x20 C:/ST/STM32CubeIDE_1.14.1/STM32CubeIDE/plugins/com.st.stm32cube.ide.mcu.externaltools.gnu-tools-for-stm32.12.3.rel1.win32_1.0.200.202406191623/tools/bin/../lib/gcc/arm-none-eabi/12.3.1/../../../../arm-none-eabi/lib/thumb/v7e-m+fp/hard\libc_nano.a(libc_a-sbrkr.o)
                0x0800ca34                _sbrk_r
 .text.memcpy   0x0800ca54       0x1c C:/ST/STM32CubeIDE_1.14.1/STM32CubeIDE/plugins/com.st.stm32cube.ide.mcu.externaltools.gnu-tools-for-stm32.12.3.rel1.win32_1.0.200.202406191623/tools/bin/../lib/gcc/arm-none-eabi/12.3.1/../../../../arm-none-eabi/lib/thumb/v7e-m+fp/hard\libc_nano.a(libc_a-memcpy-stub.o)
                0x0800ca54                memcpy
 .text.abort    0x0800ca70        0xe C:/ST/STM32CubeIDE_1.14.1/STM32CubeIDE/plugins/com.st.stm32cube.ide.mcu.externaltools.gnu-tools-for-stm32.12.3.rel1.win32_1.0.200.202406191623/tools/bin/../lib/gcc/arm-none-eabi/12.3.1/../../../../arm-none-eabi/lib/thumb/v7e-m+fp/hard\libc_nano.a(libc_a-abort.o)
                0x0800ca70                abort
 .text._realloc_r
                0x0800ca7e       0x5c C:/ST/STM32CubeIDE_1.14.1/STM32CubeIDE/plugins/com.st.stm32cube.ide.mcu.externaltools.gnu-tools-for-stm32.12.3.rel1.win32_1.0.200.202406191623/tools/bin/../lib/gcc/arm-none-eabi/12.3.1/../../../../arm-none-eabi/lib/thumb/v7e-m+fp/hard\libc_nano.a(libc_a-reallocr.o)
                0x0800ca7e                _realloc_r
 .text._raise_r
                0x0800cada       0x50 C:/ST/STM32CubeIDE_1.14.1/STM32CubeIDE/plugins/com.st.stm32cube.ide.mcu.externaltools.gnu-tools-for-stm32.12.3.rel1.win32_1.0.200.202406191623/tools/bin/../lib/gcc/arm-none-eabi/12.3.1/../../../../arm-none-eabi/lib/thumb/v7e-m+fp/hard\libc_nano.a(libc_a-signal.o)
                0x0800cada                _raise_r
 *fill*         0x0800cb2a        0x2 
 .text.raise    0x0800cb2c       0x10 C:/ST/STM32CubeIDE_1.14.1/STM32CubeIDE/plugins/com.st.stm32cube.ide.mcu.externaltools.gnu-tools-for-stm32.12.3.rel1.win32_1.0.200.202406191623/tools/bin/../lib/gcc/arm-none-eabi/12.3.1/../../../../arm-none-eabi/lib/thumb/v7e-m+fp/hard\libc_nano.a(libc_a-signal.o)
                0x0800cb2c                raise
 .text._kill_r  0x0800cb3c       0x24 C:/ST/STM32CubeIDE_1.14.1/STM32CubeIDE/plugins/com.st.stm32cube.ide.mcu.externaltools.gnu-tools-for-stm32.12.3.rel1.win32_1.0.200.202406191623/tools/bin/../lib/gcc/arm-none-eabi/12.3.1/../../../../arm-none-eabi/lib/thumb/v7e-m+fp/hard\libc_nano.a(libc_a-signalr.o)
                0x0800cb3c                _kill_r
 .text._getpid_r
                0x0800cb60        0x4 C:/ST/STM32CubeIDE_1.14.1/STM32CubeIDE/plugins/com.st.stm32cube.ide.mcu.externaltools.gnu-tools-for-stm32.12.3.rel1.win32_1.0.200.202406191623/tools/bin/../lib/gcc/arm-none-eabi/12.3.1/../../../../arm-none-eabi/lib/thumb/v7e-m+fp/hard\libc_nano.a(libc_a-signalr.o)
                0x0800cb60                _getpid_r
 .text._malloc_usable_size_r
                0x0800cb64       0x10 C:/ST/STM32CubeIDE_1.14.1/STM32CubeIDE/plugins/com.st.stm32cube.ide.mcu.externaltools.gnu-tools-for-stm32.12.3.rel1.win32_1.0.200.202406191623/tools/bin/../lib/gcc/arm-none-eabi/12.3.1/../../../../arm-none-eabi/lib/thumb/v7e-m+fp/hard\libc_nano.a(libc_a-msizer.o)
                0x0800cb64                _malloc_usable_size_r
 *(.glue_7)
 .glue_7        0x0800cb74        0x0 linker stubs
 *(.glue_7t)
 .glue_7t       0x0800cb74        0x0 linker stubs
 *(.eh_frame)
 .eh_frame      0x0800cb74        0x0 C:/ST/STM32CubeIDE_1.14.1/STM32CubeIDE/plugins/com.st.stm32cube.ide.mcu.externaltools.gnu-tools-for-stm32.12.3.rel1.win32_1.0.200.202406191623/tools/bin/../lib/gcc/arm-none-eabi/12.3.1/thumb/v7e-m+fp/hard/crtbegin.o
 *(.init)
 .init          0x0800cb74        0x4 C:/ST/STM32CubeIDE_1.14.1/STM32CubeIDE/plugins/com.st.stm32cube.ide.mcu.externaltools.gnu-tools-for-stm32.12.3.rel1.win32_1.0.200.202406191623/tools/bin/../lib/gcc/arm-none-eabi/12.3.1/thumb/v7e-m+fp/hard/crti.o
                0x0800cb74                _init
 .init          0x0800cb78        0x8 C:/ST/STM32CubeIDE_1.14.1/STM32CubeIDE/plugins/com.st.stm32cube.ide.mcu.externaltools.gnu-tools-for-stm32.12.3.rel1.win32_1.0.200.202406191623/tools/bin/../lib/gcc/arm-none-eabi/12.3.1/thumb/v7e-m+fp/hard/crtn.o
 *(.fini)
 .fini          0x0800cb80        0x4 C:/ST/STM32CubeIDE_1.14.1/STM32CubeIDE/plugins/com.st.stm32cube.ide.mcu.externaltools.gnu-tools-for-stm32.12.3.rel1.win32_1.0.200.202406191623/tools/bin/../lib/gcc/arm-none-eabi/12.3.1/thumb/v7e-m+fp/hard/crti.o
                0x0800cb80                _fini
 .fini          0x0800cb84        0x8 C:/ST/STM32CubeIDE_1.14.1/STM32CubeIDE/plugins/com.st.stm32cube.ide.mcu.externaltools.gnu-tools-for-stm32.12.3.rel1.win32_1.0.200.202406191623/tools/bin/../lib/gcc/arm-none-eabi/12.3.1/thumb/v7e-m+fp/hard/crtn.o
                0x0800cb8c                        . = ALIGN (0x4)
                0x0800cb8c                        _etext = .

.vfp11_veneer   0x0800cb8c        0x0
 .vfp11_veneer  0x0800cb8c        0x0 linker stubs

.v4_bx          0x0800cb8c        0x0
 .v4_bx         0x0800cb8c        0x0 linker stubs

.iplt           0x0800cb8c        0x0
 .iplt          0x0800cb8c        0x0 C:/ST/STM32CubeIDE_1.14.1/STM32CubeIDE/plugins/com.st.stm32cube.ide.mcu.externaltools.gnu-tools-for-stm32.12.3.rel1.win32_1.0.200.202406191623/tools/bin/../lib/gcc/arm-none-eabi/12.3.1/thumb/v7e-m+fp/hard/crtbegin.o

.rodata         0x0800cb8c     0x11ec
                0x0800cb8c                        . = ALIGN (0x4)
 *(.rodata)
 .rodata        0x0800cb8c       0x80 ./Core/Src/main.o
 .rodata        0x0800cc0c       0x48 ./Middlewares/Third_Party/FatFs/src/ff.o
 .rodata        0x0800cc54      0xacb ./ioLibrary_Driver-master/Internet/FTPServer/ftpd.o
 *(.rodata*)
 *fill*         0x0800d71f        0x1 
 .rodata.AHBPrescTable
                0x0800d720       0x10 ./Core/Src/system_stm32g4xx.o
                0x0800d720                AHBPrescTable
 .rodata.APBPrescTable
                0x0800d730        0x8 ./Core/Src/system_stm32g4xx.o
                0x0800d730                APBPrescTable
 .rodata.BUTTON_EXTI_LINE.2
                0x0800d738        0x4 ./Drivers/BSP/STM32G4xx_Nucleo/stm32g4xx_nucleo.o
 .rodata.UARTPrescTable
                0x0800d73c       0x18 ./Drivers/STM32G4xx_HAL_Driver/Src/stm32g4xx_hal_uart.o
                0x0800d73c                UARTPrescTable
 .rodata.ExCvt  0x0800d754       0x80 ./Middlewares/Third_Party/FatFs/src/ff.o
 .rodata.LfnOfs
                0x0800d7d4        0xd ./Middlewares/Third_Party/FatFs/src/ff.o
 *fill*         0x0800d7e1        0x3 
 .rodata.Tbl    0x0800d7e4      0x100 ./Middlewares/Third_Party/FatFs/src/option/ccsbcs.o
 .rodata.cvt1.1
                0x0800d8e4      0x1f2 ./Middlewares/Third_Party/FatFs/src/option/ccsbcs.o
 *fill*         0x0800dad6        0x2 
 .rodata.cvt2.0
                0x0800dad8       0xbc ./Middlewares/Third_Party/FatFs/src/option/ccsbcs.o
 .rodata._ctype_
                0x0800db94      0x101 C:/ST/STM32CubeIDE_1.14.1/STM32CubeIDE/plugins/com.st.stm32cube.ide.mcu.externaltools.gnu-tools-for-stm32.12.3.rel1.win32_1.0.200.202406191623/tools/bin/../lib/gcc/arm-none-eabi/12.3.1/../../../../arm-none-eabi/lib/thumb/v7e-m+fp/hard\libc_nano.a(libc_a-ctype_.o)
                0x0800db94                _ctype_
 .rodata.strtok.str1.1
                0x0800dc95       0x71 C:/ST/STM32CubeIDE_1.14.1/STM32CubeIDE/plugins/com.st.stm32cube.ide.mcu.externaltools.gnu-tools-for-stm32.12.3.rel1.win32_1.0.200.202406191623/tools/bin/../lib/gcc/arm-none-eabi/12.3.1/../../../../arm-none-eabi/lib/thumb/v7e-m+fp/hard\libc_nano.a(libc_a-strtok.o)
 .rodata.__assert_func.str1.1
                0x0800dd06       0x3c C:/ST/STM32CubeIDE_1.14.1/STM32CubeIDE/plugins/com.st.stm32cube.ide.mcu.externaltools.gnu-tools-for-stm32.12.3.rel1.win32_1.0.200.202406191623/tools/bin/../lib/gcc/arm-none-eabi/12.3.1/../../../../arm-none-eabi/lib/thumb/v7e-m+fp/hard\libc_nano.a(libc_a-assert.o)
                                 0x3d (size before relaxing)
 .rodata._svfprintf_r.str1.1
                0x0800dd42       0x11 C:/ST/STM32CubeIDE_1.14.1/STM32CubeIDE/plugins/com.st.stm32cube.ide.mcu.externaltools.gnu-tools-for-stm32.12.3.rel1.win32_1.0.200.202406191623/tools/bin/../lib/gcc/arm-none-eabi/12.3.1/../../../../arm-none-eabi/lib/thumb/v7e-m+fp/hard\libc_nano.a(libc_a-nano-svfprintf.o)
 .rodata._vfprintf_r.str1.1
                0x0800dd53       0x11 C:/ST/STM32CubeIDE_1.14.1/STM32CubeIDE/plugins/com.st.stm32cube.ide.mcu.externaltools.gnu-tools-for-stm32.12.3.rel1.win32_1.0.200.202406191623/tools/bin/../lib/gcc/arm-none-eabi/12.3.1/../../../../arm-none-eabi/lib/thumb/v7e-m+fp/hard\libc_nano.a(libc_a-nano-vfprintf.o)
 .rodata._printf_i.str1.1
                0x0800dd53       0x22 C:/ST/STM32CubeIDE_1.14.1/STM32CubeIDE/plugins/com.st.stm32cube.ide.mcu.externaltools.gnu-tools-for-stm32.12.3.rel1.win32_1.0.200.202406191623/tools/bin/../lib/gcc/arm-none-eabi/12.3.1/../../../../arm-none-eabi/lib/thumb/v7e-m+fp/hard\libc_nano.a(libc_a-nano-vfprintf_i.o)
                0x0800dd78                        . = ALIGN (0x4)
 *fill*         0x0800dd75        0x3 

.ARM.extab      0x0800dd78        0x0
                0x0800dd78                        . = ALIGN (0x4)
 *(.ARM.extab* .gnu.linkonce.armextab.*)
                0x0800dd78                        . = ALIGN (0x4)

.ARM            0x0800dd78        0x8
                0x0800dd78                        . = ALIGN (0x4)
                0x0800dd78                        __exidx_start = .
 *(.ARM.exidx*)
 .ARM.exidx     0x0800dd78        0x8 C:/ST/STM32CubeIDE_1.14.1/STM32CubeIDE/plugins/com.st.stm32cube.ide.mcu.externaltools.gnu-tools-for-stm32.12.3.rel1.win32_1.0.200.202406191623/tools/bin/../lib/gcc/arm-none-eabi/12.3.1/../../../../arm-none-eabi/lib/thumb/v7e-m+fp/hard\libc_nano.a(libc_a-strcmp.o)
 .ARM.exidx     0x0800dd80        0x0 C:/ST/STM32CubeIDE_1.14.1/STM32CubeIDE/plugins/com.st.stm32cube.ide.mcu.externaltools.gnu-tools-for-stm32.12.3.rel1.win32_1.0.200.202406191623/tools/bin/../lib/gcc/arm-none-eabi/12.3.1/../../../../arm-none-eabi/lib/thumb/v7e-m+fp/hard\libc_nano.a(libc_a-strlen.o)
                                  0x8 (size before relaxing)
 .ARM.exidx     0x0800dd80        0x0 C:/ST/STM32CubeIDE_1.14.1/STM32CubeIDE/plugins/com.st.stm32cube.ide.mcu.externaltools.gnu-tools-for-stm32.12.3.rel1.win32_1.0.200.202406191623/tools/bin/../lib/gcc/arm-none-eabi/12.3.1/../../../../arm-none-eabi/lib/thumb/v7e-m+fp/hard\libc_nano.a(libc_a-memchr.o)
                                  0x8 (size before relaxing)
 .ARM.exidx     0x0800dd80        0x0 C:/ST/STM32CubeIDE_1.14.1/STM32CubeIDE/plugins/com.st.stm32cube.ide.mcu.externaltools.gnu-tools-for-stm32.12.3.rel1.win32_1.0.200.202406191623/tools/bin/../lib/gcc/arm-none-eabi/12.3.1/thumb/v7e-m+fp/hard\libgcc.a(_udivmoddi4.o)
                                  0x8 (size before relaxing)
                0x0800dd80                        __exidx_end = .
                0x0800dd80                        . = ALIGN (0x4)

.preinit_array  0x0800dd80        0x0
                0x0800dd80                        . = ALIGN (0x4)
                0x0800dd80                        PROVIDE (__preinit_array_start = .)
 *(.preinit_array*)
                0x0800dd80                        PROVIDE (__preinit_array_end = .)
                0x0800dd80                        . = ALIGN (0x4)

.init_array     0x0800dd80        0x4
                0x0800dd80                        . = ALIGN (0x4)
                0x0800dd80                        PROVIDE (__init_array_start = .)
 *(SORT_BY_NAME(.init_array.*))
 *(.init_array*)
 .init_array    0x0800dd80        0x4 C:/ST/STM32CubeIDE_1.14.1/STM32CubeIDE/plugins/com.st.stm32cube.ide.mcu.externaltools.gnu-tools-for-stm32.12.3.rel1.win32_1.0.200.202406191623/tools/bin/../lib/gcc/arm-none-eabi/12.3.1/thumb/v7e-m+fp/hard/crtbegin.o
                0x0800dd84                        PROVIDE (__init_array_end = .)
                0x0800dd84                        . = ALIGN (0x4)

.fini_array     0x0800dd84        0x4
                0x0800dd84                        . = ALIGN (0x4)
                [!provide]                        PROVIDE (__fini_array_start = .)
 *(SORT_BY_NAME(.fini_array.*))
 *(.fini_array*)
 .fini_array    0x0800dd84        0x4 C:/ST/STM32CubeIDE_1.14.1/STM32CubeIDE/plugins/com.st.stm32cube.ide.mcu.externaltools.gnu-tools-for-stm32.12.3.rel1.win32_1.0.200.202406191623/tools/bin/../lib/gcc/arm-none-eabi/12.3.1/thumb/v7e-m+fp/hard/crtbegin.o
                [!provide]                        PROVIDE (__fini_array_end = .)
                0x0800dd88                        . = ALIGN (0x4)
                0x0800dd88                        _sidata = LOADADDR (.data)

.rel.dyn        0x0800dd88        0x0
 .rel.iplt      0x0800dd88        0x0 C:/ST/STM32CubeIDE_1.14.1/STM32CubeIDE/plugins/com.st.stm32cube.ide.mcu.externaltools.gnu-tools-for-stm32.12.3.rel1.win32_1.0.200.202406191623/tools/bin/../lib/gcc/arm-none-eabi/12.3.1/thumb/v7e-m+fp/hard/crtbegin.o

.data           0x20000000      0x140 load address 0x0800dd88
                0x20000000                        . = ALIGN (0x4)
                0x20000000                        _sdata = .
 *(.data)
 *(.data*)
 .data.SystemCoreClock
                0x20000000        0x4 ./Core/Src/system_stm32g4xx.o
                0x20000000                SystemCoreClock
 .data.LED_PORT
                0x20000004        0x4 ./Drivers/BSP/STM32G4xx_Nucleo/stm32g4xx_nucleo.o
 .data.BUTTON_PORT
                0x20000008        0x4 ./Drivers/BSP/STM32G4xx_Nucleo/stm32g4xx_nucleo.o
 .data.COM_USART
                0x2000000c        0x4 ./Drivers/BSP/STM32G4xx_Nucleo/stm32g4xx_nucleo.o
 .data.ButtonCallback.1
                0x20000010        0x4 ./Drivers/BSP/STM32G4xx_Nucleo/stm32g4xx_nucleo.o
 .data.BSP_BUTTON_PRIO.0
                0x20000014        0x4 ./Drivers/BSP/STM32G4xx_Nucleo/stm32g4xx_nucleo.o
 .data.uwTickPrio
                0x20000018        0x4 ./Drivers/STM32G4xx_HAL_Driver/Src/stm32g4xx_hal.o
                0x20000018                uwTickPrio
 .data.uwTickFreq
                0x2000001c        0x4 ./Drivers/STM32G4xx_HAL_Driver/Src/stm32g4xx_hal.o
                0x2000001c                uwTickFreq
 .data.Stat     0x20000020        0x1 ./FATFS/Target/fatfs_sd.o
 .data.Stat     0x20000021        0x1 ./FATFS/Target/user_diskio.o
 *fill*         0x20000022        0x2 
 .data.USER_Driver
                0x20000024       0x14 ./FATFS/Target/user_diskio.o
                0x20000024                USER_Driver
 .data.sock_any_port
                0x20000038        0x2 ./ioLibrary_Driver-master/Ethernet/socket.o
 *fill*         0x2000003a        0x2 
 .data.WIZCHIP  0x2000003c       0x2c ./ioLibrary_Driver-master/Ethernet/wizchip_conf.o
                0x2000003c                WIZCHIP
 .data.commands
                0x20000068       0x78 ./ioLibrary_Driver-master/Internet/FTPServer/ftpd.o
 .data.cur_sn   0x200000e0        0x1 ./ioLibrary_Driver-master/Internet/FTPServer/ftpd.o
                0x200000e0                cur_sn
 *fill*         0x200000e1        0x3 
 .data.__sglue  0x200000e4        0xc C:/ST/STM32CubeIDE_1.14.1/STM32CubeIDE/plugins/com.st.stm32cube.ide.mcu.externaltools.gnu-tools-for-stm32.12.3.rel1.win32_1.0.200.202406191623/tools/bin/../lib/gcc/arm-none-eabi/12.3.1/../../../../arm-none-eabi/lib/thumb/v7e-m+fp/hard\libc_nano.a(libc_a-findfp.o)
                0x200000e4                __sglue
 .data._impure_ptr
                0x200000f0        0x4 C:/ST/STM32CubeIDE_1.14.1/STM32CubeIDE/plugins/com.st.stm32cube.ide.mcu.externaltools.gnu-tools-for-stm32.12.3.rel1.win32_1.0.200.202406191623/tools/bin/../lib/gcc/arm-none-eabi/12.3.1/../../../../arm-none-eabi/lib/thumb/v7e-m+fp/hard\libc_nano.a(libc_a-impure.o)
                0x200000f0                _impure_ptr
 .data._impure_data
                0x200000f4       0x4c C:/ST/STM32CubeIDE_1.14.1/STM32CubeIDE/plugins/com.st.stm32cube.ide.mcu.externaltools.gnu-tools-for-stm32.12.3.rel1.win32_1.0.200.202406191623/tools/bin/../lib/gcc/arm-none-eabi/12.3.1/../../../../arm-none-eabi/lib/thumb/v7e-m+fp/hard\libc_nano.a(libc_a-impure.o)
                0x200000f4                _impure_data
 *(.RamFunc)
 *(.RamFunc*)
                0x20000140                        . = ALIGN (0x4)
                0x20000140                        _edata = .

.igot.plt       0x20000140        0x0 load address 0x0800dec8
 .igot.plt      0x20000140        0x0 C:/ST/STM32CubeIDE_1.14.1/STM32CubeIDE/plugins/com.st.stm32cube.ide.mcu.externaltools.gnu-tools-for-stm32.12.3.rel1.win32_1.0.200.202406191623/tools/bin/../lib/gcc/arm-none-eabi/12.3.1/thumb/v7e-m+fp/hard/crtbegin.o
                0x20000140                        . = ALIGN (0x4)

.bss            0x20000140     0x28f0 load address 0x0800dec8
                0x20000140                        _sbss = .
                0x20000140                        __bss_start__ = _sbss
 *(.bss)
 .bss           0x20000140       0x1c C:/ST/STM32CubeIDE_1.14.1/STM32CubeIDE/plugins/com.st.stm32cube.ide.mcu.externaltools.gnu-tools-for-stm32.12.3.rel1.win32_1.0.200.202406191623/tools/bin/../lib/gcc/arm-none-eabi/12.3.1/thumb/v7e-m+fp/hard/crtbegin.o
 *(.bss*)
 .bss.BspCOMInit
                0x2000015c       0x10 ./Core/Src/main.o
                0x2000015c                BspCOMInit
 .bss.hspi2     0x2000016c       0x64 ./Core/Src/main.o
                0x2000016c                hspi2
 .bss.hspi3     0x200001d0       0x64 ./Core/Src/main.o
                0x200001d0                hspi3
 .bss.fs        0x20000234     0x1038 ./Core/Src/main.o
                0x20000234                fs
 .bss.tx_buff   0x2000126c       0x64 ./Core/Src/main.o
 .bss.buff_length
                0x200012d0        0x1 ./Core/Src/main.o
 *fill*         0x200012d1        0x3 
 .bss.__sbrk_heap_end
                0x200012d4        0x4 ./Core/Src/sysmem.o
 .bss.hpb_exti  0x200012d8        0x8 ./Drivers/BSP/STM32G4xx_Nucleo/stm32g4xx_nucleo.o
                0x200012d8                hpb_exti
 .bss.hcom_uart
                0x200012e0       0x94 ./Drivers/BSP/STM32G4xx_Nucleo/stm32g4xx_nucleo.o
                0x200012e0                hcom_uart
 .bss.COM_ActiveLogPort
                0x20001374        0x1 ./Drivers/BSP/STM32G4xx_Nucleo/stm32g4xx_nucleo.o
 *fill*         0x20001375        0x3 
 .bss.uwTick    0x20001378        0x4 ./Drivers/STM32G4xx_HAL_Driver/Src/stm32g4xx_hal.o
                0x20001378                uwTick
 .bss.USERPath  0x2000137c        0x4 ./FATFS/App/app_fatfs.o
                0x2000137c                USERPath
 .bss.Appli_state
                0x20001380        0x1 ./FATFS/App/app_fatfs.o
                0x20001380                Appli_state
 *fill*         0x20001381        0x1 
 .bss.Timer1    0x20001382        0x2 ./FATFS/Target/fatfs_sd.o
                0x20001382                Timer1
 .bss.Timer2    0x20001384        0x2 ./FATFS/Target/fatfs_sd.o
                0x20001384                Timer2
 .bss.CardType  0x20001386        0x1 ./FATFS/Target/fatfs_sd.o
 .bss.PowerFlag
                0x20001387        0x1 ./FATFS/Target/fatfs_sd.o
 .bss.FatFs     0x20001388        0x4 ./Middlewares/Third_Party/FatFs/src/ff.o
 .bss.Fsid      0x2000138c        0x2 ./Middlewares/Third_Party/FatFs/src/ff.o
 *fill*         0x2000138e        0x2 
 .bss.Files     0x20001390       0x20 ./Middlewares/Third_Party/FatFs/src/ff.o
 .bss.LfnBuf    0x200013b0      0x200 ./Middlewares/Third_Party/FatFs/src/ff.o
 .bss.disk      0x200015b0        0xc ./Middlewares/Third_Party/FatFs/src/ff_gen_drv.o
                0x200015b0                disk
 .bss.sock_io_mode
                0x200015bc        0x2 ./ioLibrary_Driver-master/Ethernet/socket.o
 .bss.sock_is_sending
                0x200015be        0x2 ./ioLibrary_Driver-master/Ethernet/socket.o
 .bss.sock_remained_size
                0x200015c0       0x10 ./ioLibrary_Driver-master/Ethernet/socket.o
 .bss.sock_pack_info
                0x200015d0        0x8 ./ioLibrary_Driver-master/Ethernet/socket.o
                0x200015d0                sock_pack_info
 .bss._DNS_     0x200015d8        0x4 ./ioLibrary_Driver-master/Ethernet/wizchip_conf.o
 .bss._DHCP_    0x200015dc        0x1 ./ioLibrary_Driver-master/Ethernet/wizchip_conf.o
 *fill*         0x200015dd        0x3 
 .bss.remote_ip
                0x200015e0        0x4 ./ioLibrary_Driver-master/Internet/FTPServer/ftpd.o
                0x200015e0                remote_ip
 .bss.remote_port
                0x200015e4        0x2 ./ioLibrary_Driver-master/Internet/FTPServer/ftpd.o
                0x200015e4                remote_port
 *fill*         0x200015e6        0x2 
 .bss.local_ip  0x200015e8        0x4 ./ioLibrary_Driver-master/Internet/FTPServer/ftpd.o
                0x200015e8                local_ip
 .bss.local_port
                0x200015ec        0x2 ./ioLibrary_Driver-master/Internet/FTPServer/ftpd.o
                0x200015ec                local_port
 .bss.connect_state_control
                0x200015ee        0x1 ./ioLibrary_Driver-master/Internet/FTPServer/ftpd.o
                0x200015ee                connect_state_control
 .bss.connect_state_control1
                0x200015ef        0x1 ./ioLibrary_Driver-master/Internet/FTPServer/ftpd.o
                0x200015ef                connect_state_control1
 .bss.connect_state_data
                0x200015f0        0x1 ./ioLibrary_Driver-master/Internet/FTPServer/ftpd.o
                0x200015f0                connect_state_data
 .bss.connect_count
                0x200015f1        0x1 ./ioLibrary_Driver-master/Internet/FTPServer/ftpd.o
                0x200015f1                connect_count
 *fill*         0x200015f2        0x2 
 .bss.con_remain_cnt1
                0x200015f4        0x4 ./ioLibrary_Driver-master/Internet/FTPServer/ftpd.o
                0x200015f4                con_remain_cnt1
 .bss.con_remain_cnt2
                0x200015f8        0x4 ./ioLibrary_Driver-master/Internet/FTPServer/ftpd.o
                0x200015f8                con_remain_cnt2
 .bss.ftp       0x200015fc     0x11d0 ./ioLibrary_Driver-master/Internet/FTPServer/ftpd.o
                0x200015fc                ftp
 .bss.fno.0     0x200027cc      0x118 ./ioLibrary_Driver-master/Internet/FTPServer/ftpd.o
 .bss.__sf      0x200028e4      0x138 C:/ST/STM32CubeIDE_1.14.1/STM32CubeIDE/plugins/com.st.stm32cube.ide.mcu.externaltools.gnu-tools-for-stm32.12.3.rel1.win32_1.0.200.202406191623/tools/bin/../lib/gcc/arm-none-eabi/12.3.1/../../../../arm-none-eabi/lib/thumb/v7e-m+fp/hard\libc_nano.a(libc_a-findfp.o)
                0x200028e4                __sf
 .bss.__stdio_exit_handler
                0x20002a1c        0x4 C:/ST/STM32CubeIDE_1.14.1/STM32CubeIDE/plugins/com.st.stm32cube.ide.mcu.externaltools.gnu-tools-for-stm32.12.3.rel1.win32_1.0.200.202406191623/tools/bin/../lib/gcc/arm-none-eabi/12.3.1/../../../../arm-none-eabi/lib/thumb/v7e-m+fp/hard\libc_nano.a(libc_a-findfp.o)
                0x20002a1c                __stdio_exit_handler
 .bss.errno     0x20002a20        0x4 C:/ST/STM32CubeIDE_1.14.1/STM32CubeIDE/plugins/com.st.stm32cube.ide.mcu.externaltools.gnu-tools-for-stm32.12.3.rel1.win32_1.0.200.202406191623/tools/bin/../lib/gcc/arm-none-eabi/12.3.1/../../../../arm-none-eabi/lib/thumb/v7e-m+fp/hard\libc_nano.a(libc_a-reent.o)
                0x20002a20                errno
 .bss.__lock___malloc_recursive_mutex
                0x20002a24        0x1 C:/ST/STM32CubeIDE_1.14.1/STM32CubeIDE/plugins/com.st.stm32cube.ide.mcu.externaltools.gnu-tools-for-stm32.12.3.rel1.win32_1.0.200.202406191623/tools/bin/../lib/gcc/arm-none-eabi/12.3.1/../../../../arm-none-eabi/lib/thumb/v7e-m+fp/hard\libc_nano.a(libc_a-lock.o)
                0x20002a24                __lock___malloc_recursive_mutex
 .bss.__lock___sfp_recursive_mutex
                0x20002a25        0x1 C:/ST/STM32CubeIDE_1.14.1/STM32CubeIDE/plugins/com.st.stm32cube.ide.mcu.externaltools.gnu-tools-for-stm32.12.3.rel1.win32_1.0.200.202406191623/tools/bin/../lib/gcc/arm-none-eabi/12.3.1/../../../../arm-none-eabi/lib/thumb/v7e-m+fp/hard\libc_nano.a(libc_a-lock.o)
                0x20002a25                __lock___sfp_recursive_mutex
 *fill*         0x20002a26        0x2 
 .bss.__malloc_sbrk_start
                0x20002a28        0x4 C:/ST/STM32CubeIDE_1.14.1/STM32CubeIDE/plugins/com.st.stm32cube.ide.mcu.externaltools.gnu-tools-for-stm32.12.3.rel1.win32_1.0.200.202406191623/tools/bin/../lib/gcc/arm-none-eabi/12.3.1/../../../../arm-none-eabi/lib/thumb/v7e-m+fp/hard\libc_nano.a(libc_a-mallocr.o)
                0x20002a28                __malloc_sbrk_start
 .bss.__malloc_free_list
                0x20002a2c        0x4 C:/ST/STM32CubeIDE_1.14.1/STM32CubeIDE/plugins/com.st.stm32cube.ide.mcu.externaltools.gnu-tools-for-stm32.12.3.rel1.win32_1.0.200.202406191623/tools/bin/../lib/gcc/arm-none-eabi/12.3.1/../../../../arm-none-eabi/lib/thumb/v7e-m+fp/hard\libc_nano.a(libc_a-mallocr.o)
                0x20002a2c                __malloc_free_list
 *(COMMON)
                0x20002a30                        . = ALIGN (0x4)
                0x20002a30                        _ebss = .
                0x20002a30                        __bss_end__ = _ebss

._user_heap_stack
                0x20002a30      0x600 load address 0x0800dec8
                0x20002a30                        . = ALIGN (0x8)
                [!provide]                        PROVIDE (end = .)
                0x20002a30                        PROVIDE (_end = .)
                0x20002c30                        . = (. + _Min_Heap_Size)
 *fill*         0x20002a30      0x200 
                0x20003030                        . = (. + _Min_Stack_Size)
 *fill*         0x20002c30      0x400 
                0x20003030                        . = ALIGN (0x8)

/DISCARD/
 libc.a(*)
 libm.a(*)
 libgcc.a(*)

.ARM.attributes
                0x00000000       0x30
 *(.ARM.attributes)
 .ARM.attributes
                0x00000000       0x22 C:/ST/STM32CubeIDE_1.14.1/STM32CubeIDE/plugins/com.st.stm32cube.ide.mcu.externaltools.gnu-tools-for-stm32.12.3.rel1.win32_1.0.200.202406191623/tools/bin/../lib/gcc/arm-none-eabi/12.3.1/thumb/v7e-m+fp/hard/crti.o
 .ARM.attributes
                0x00000022       0x34 C:/ST/STM32CubeIDE_1.14.1/STM32CubeIDE/plugins/com.st.stm32cube.ide.mcu.externaltools.gnu-tools-for-stm32.12.3.rel1.win32_1.0.200.202406191623/tools/bin/../lib/gcc/arm-none-eabi/12.3.1/thumb/v7e-m+fp/hard/crtbegin.o
 .ARM.attributes
                0x00000056       0x34 ./Core/Src/main.o
 .ARM.attributes
                0x0000008a       0x34 ./Core/Src/stm32g4xx_hal_msp.o
 .ARM.attributes
                0x000000be       0x34 ./Core/Src/stm32g4xx_it.o
 .ARM.attributes
                0x000000f2       0x34 ./Core/Src/syscalls.o
 .ARM.attributes
                0x00000126       0x34 ./Core/Src/sysmem.o
 .ARM.attributes
                0x0000015a       0x34 ./Core/Src/system_stm32g4xx.o
 .ARM.attributes
                0x0000018e       0x21 ./Core/Startup/startup_stm32g474retx.o
 .ARM.attributes
                0x000001af       0x34 ./Drivers/BSP/STM32G4xx_Nucleo/stm32g4xx_nucleo.o
 .ARM.attributes
                0x000001e3       0x34 ./Drivers/STM32G4xx_HAL_Driver/Src/stm32g4xx_hal.o
 .ARM.attributes
                0x00000217       0x34 ./Drivers/STM32G4xx_HAL_Driver/Src/stm32g4xx_hal_cortex.o
 .ARM.attributes
                0x0000024b       0x34 ./Drivers/STM32G4xx_HAL_Driver/Src/stm32g4xx_hal_exti.o