../Core/Src/main.c:101:5:main	4112	static
../Core/Src/main.c:237:6:SystemClock_Config	88	static
../Core/Src/main.c:284:13:MX_SPI2_Init	8	static
../Core/Src/main.c:324:13:MX_SPI3_Init	8	static
../Core/Src/main.c:364:13:MX_GPIO_Init	48	static
../Core/Src/main.c:402:6:CS_SEL_FUN	8	static
../Core/Src/main.c:408:6:CS_DES_FUN	8	static
../Core/Src/main.c:414:9:SPI_Received	16	static
../Core/Src/main.c:421:6:SPI_Transmit	16	static
../Core/Src/main.c:426:6:configuracion_IP	48	static
../Core/Src/main.c:463:6:Error_Handler	8	static,ignoring_inline_asm
